21:24:02 **** Clean-only build of configuration Debug for project task_1 ****
make -j12 clean 
rm -rf ./Drivers/STM32L4xx_HAL_Driver/Src/stm32l4xx_hal.cyclo ./Drivers/STM32L4xx_HAL_Driver/Src/stm32l4xx_hal.d ./Drivers/STM32L4xx_HAL_Driver/Src/stm32l4xx_hal.o ./Drivers/STM32L4xx_HAL_Driver/Src/stm32l4xx_hal.su ./Drivers/STM32L4xx_HAL_Driver/Src/stm32l4xx_hal_cortex.cyclo ./Drivers/STM32L4xx_HAL_Driver/Src/stm32l4xx_hal_cortex.d ./Drivers/STM32L4xx_HAL_Driver/Src/stm32l4xx_hal_cortex.o ./Drivers/STM32L4xx_HAL_Driver/Src/stm32l4xx_hal_cortex.su ./Drivers/STM32L4xx_HAL_Driver/Src/stm32l4xx_hal_dma.cyclo ./Drivers/STM32L4xx_HAL_Driver/Src/stm32l4xx_hal_dma.d ./Drivers/STM32L4xx_HAL_Driver/Src/stm32l4xx_hal_dma.o ./Drivers/STM32L4xx_HAL_Driver/Src/stm32l4xx_hal_dma.su ./Drivers/STM32L4xx_HAL_Driver/Src/stm32l4xx_hal_dma_ex.cyclo ./Drivers/STM32L4xx_HAL_Driver/Src/stm32l4xx_hal_dma_ex.d ./Drivers/STM32L4xx_HAL_Driver/Src/stm32l4xx_hal_dma_ex.o ./Drivers/STM32L4xx_HAL_Driver/Src/stm32l4xx_hal_dma_ex.su ./Drivers/STM32L4xx_HAL_Driver/Src/stm32l4xx_hal_exti.cyclo ./Drivers/STM32L4xx_HAL_Driver/Src/stm32l4xx_hal_exti.d ./Drivers/STM32L4xx_HAL_Driver/Src/stm32l4xx_hal_exti.o ./Drivers/STM32L4xx_HAL_Driver/Src/stm32l4xx_hal_exti.su ./Drivers/STM32L4xx_HAL_Driver/Src/stm32l4xx_hal_flash.cyclo ./Drivers/STM32L4xx_HAL_Driver/Src/stm32l4xx_hal_flash.d ./Drivers/STM32L4xx_HAL_Driver/Src/stm32l4xx_hal_flash.o ./Drivers/STM32L4xx_HAL_Driver/Src/stm32l4xx_hal_flash.su ./Drivers/STM32L4xx_HAL_Driver/Src/stm32l4xx_hal_flash_ex.cyclo ./Drivers/STM32L4xx_HAL_Driver/Src/stm32l4xx_hal_flash_ex.d ./Drivers/STM32L4xx_HAL_Driver/Src/stm32l4xx_hal_flash_ex.o ./Drivers/STM32L4xx_HAL_Driver/Src/stm32l4xx_hal_flash_ex.su ./Drivers/STM32L4xx_HAL_Driver/Src/stm32l4xx_hal_flash_ramfunc.cyclo ./Drivers/STM32L4xx_HAL_Driver/Src/stm32l4xx_hal_flash_ramfunc.d ./Drivers/STM32L4xx_HAL_Driver/Src/stm32l4xx_hal_flash_ramfunc.o ./Drivers/STM32L4xx_HAL_Driver/Src/stm32l4xx_hal_flash_ramfunc.su ./Drivers/STM32L4xx_HAL_Driver/Src/stm32l4xx_hal_gpio.cyclo ./Drivers/STM32L4xx_HAL_Driver/Src/stm32l4xx_hal_gpio.d ./Drivers/STM32L4xx_HAL_Driver/Src/stm32l4xx_hal_gpio.o ./Drivers/STM32L4xx_HAL_Driver/Src/stm32l4xx_hal_gpio.su ./Drivers/STM32L4xx_HAL_Driver/Src/stm32l4xx_hal_i2c.cyclo ./Drivers/STM32L4xx_HAL_Driver/Src/stm32l4xx_hal_i2c.d ./Drivers/STM32L4xx_HAL_Driver/Src/stm32l4xx_hal_i2c.o ./Drivers/STM32L4xx_HAL_Driver/Src/stm32l4xx_hal_i2c.su ./Drivers/STM32L4xx_HAL_Driver/Src/stm32l4xx_hal_i2c_ex.cyclo ./Drivers/STM32L4xx_HAL_Driver/Src/stm32l4xx_hal_i2c_ex.d ./Drivers/STM32L4xx_HAL_Driver/Src/stm32l4xx_hal_i2c_ex.o ./Drivers/STM32L4xx_HAL_Driver/Src/stm32l4xx_hal_i2c_ex.su ./Drivers/STM32L4xx_HAL_Driver/Src/stm32l4xx_hal_pwr.cyclo ./Drivers/STM32L4xx_HAL_Driver/Src/stm32l4xx_hal_pwr.d ./Drivers/STM32L4xx_HAL_Driver/Src/stm32l4xx_hal_pwr.o ./Drivers/STM32L4xx_HAL_Driver/Src/stm32l4xx_hal_pwr.su ./Drivers/STM32L4xx_HAL_Driver/Src/stm32l4xx_hal_pwr_ex.cyclo ./Drivers/STM32L4xx_HAL_Driver/Src/stm32l4xx_hal_pwr_ex.d ./Drivers/STM32L4xx_HAL_Driver/Src/stm32l4xx_hal_pwr_ex.o ./Drivers/STM32L4xx_HAL_Driver/Src/stm32l4xx_hal_pwr_ex.su ./Drivers/STM32L4xx_HAL_Driver/Src/stm32l4xx_hal_rcc.cyclo ./Drivers/STM32L4xx_HAL_Driver/Src/stm32l4xx_hal_rcc.d ./Drivers/STM32L4xx_HAL_Driver/Src/stm32l4xx_hal_rcc.o ./Drivers/STM32L4xx_HAL_Driver/Src/stm32l4xx_hal_rcc.su ./Drivers/STM32L4xx_HAL_Driver/Src/stm32l4xx_hal_rcc_ex.cyclo ./Drivers/STM32L4xx_HAL_Driver/Src/stm32l4xx_hal_rcc_ex.d ./Drivers/STM32L4xx_HAL_Driver/Src/stm32l4xx_hal_rcc_ex.o ./Drivers/STM32L4xx_HAL_Driver/Src/stm32l4xx_hal_rcc_ex.su ./Drivers/STM32L4xx_HAL_Driver/Src/stm32l4xx_hal_uart.cyclo ./Drivers/STM32L4xx_HAL_Driver/Src/stm32l4xx_hal_uart.d ./Drivers/STM32L4xx_HAL_Driver/Src/stm32l4xx_hal_uart.o ./Drivers/STM32L4xx_HAL_Driver/Src/stm32l4xx_hal_uart.su ./Drivers/STM32L4xx_HAL_Driver/Src/stm32l4xx_hal_uart_ex.cyclo ./Drivers/STM32L4xx_HAL_Driver/Src/stm32l4xx_hal_uart_ex.d ./Drivers/STM32L4xx_HAL_Driver/Src/stm32l4xx_hal_uart_ex.o ./Drivers/STM32L4xx_HAL_Driver/Src/stm32l4xx_hal_uart_ex.su
rm -rf ./Core/Startup/startup_stm32l432kcux.d ./Core/Startup/startup_stm32l432kcux.o
rm -rf ./Core/Src/main.cyclo ./Core/Src/main.d ./Core/Src/main.o ./Core/Src/main.su ./Core/Src/stm32l4xx_hal_msp.cyclo ./Core/Src/stm32l4xx_hal_msp.d ./Core/Src/stm32l4xx_hal_msp.o ./Core/Src/stm32l4xx_hal_msp.su ./Core/Src/stm32l4xx_it.cyclo ./Core/Src/stm32l4xx_it.d ./Core/Src/stm32l4xx_it.o ./Core/Src/stm32l4xx_it.su ./Core/Src/syscalls.cyclo ./Core/Src/syscalls.d ./Core/Src/syscalls.o ./Core/Src/syscalls.su ./Core/Src/sysmem.cyclo ./Core/Src/sysmem.d ./Core/Src/sysmem.o ./Core/Src/sysmem.su ./Core/Src/system_stm32l4xx.cyclo ./Core/Src/system_stm32l4xx.d ./Core/Src/system_stm32l4xx.o ./Core/Src/system_stm32l4xx.su
rm -rf default.size.stdout task_1.elf task_1.list task_1.map
 
21:24:02 **** Build of configuration Debug for project task_1 ****
make -j12 all 
arm-none-eabi-gcc "../Drivers/STM32L4xx_HAL_Driver/Src/stm32l4xx_hal.c" -mcpu=cortex-m4 -std=gnu11 -g3 -DDEBUG -DUSE_HAL_DRIVER -DSTM32L432xx -c -I../Core/Inc -I../Drivers/STM32L4xx_HAL_Driver/Inc -I../Drivers/STM32L4xx_HAL_Driver/Inc/Legacy -I../Drivers/CMSIS/Device/ST/STM32L4xx/Include -I../Drivers/CMSIS/Include -O0 -ffunction-sections -fdata-sections -Wall -fstack-usage -fcyclomatic-complexity -MMD -MP -MF"Drivers/STM32L4xx_HAL_Driver/Src/stm32l4xx_hal.d" -MT"Drivers/STM32L4xx_HAL_Driver/Src/stm32l4xx_hal.o" --specs=nano.specs -mfpu=fpv4-sp-d16 -mfloat-abi=hard -mthumb -o "Drivers/STM32L4xx_HAL_Driver/Src/stm32l4xx_hal.o"
arm-none-eabi-gcc "../Drivers/STM32L4xx_HAL_Driver/Src/stm32l4xx_hal_cortex.c" -mcpu=cortex-m4 -std=gnu11 -g3 -DDEBUG -DUSE_HAL_DRIVER -DSTM32L432xx -c -I../Core/Inc -I../Drivers/STM32L4xx_HAL_Driver/Inc -I../Drivers/STM32L4xx_HAL_Driver/Inc/Legacy -I../Drivers/CMSIS/Device/ST/STM32L4xx/Include -I../Drivers/CMSIS/Include -O0 -ffunction-sections -fdata-sections -Wall -fstack-usage -fcyclomatic-complexity -MMD -MP -MF"Drivers/STM32L4xx_HAL_Driver/Src/stm32l4xx_hal_cortex.d" -MT"Drivers/STM32L4xx_HAL_Driver/Src/stm32l4xx_hal_cortex.o" --specs=nano.specs -mfpu=fpv4-sp-d16 -mfloat-abi=hard -mthumb -o "Drivers/STM32L4xx_HAL_Driver/Src/stm32l4xx_hal_cortex.o"
arm-none-eabi-gcc "../Drivers/STM32L4xx_HAL_Driver/Src/stm32l4xx_hal_dma.c" -mcpu=cortex-m4 -std=gnu11 -g3 -DDEBUG -DUSE_HAL_DRIVER -DSTM32L432xx -c -I../Core/Inc -I../Drivers/STM32L4xx_HAL_Driver/Inc -I../Drivers/STM32L4xx_HAL_Driver/Inc/Legacy -I../Drivers/CMSIS/Device/ST/STM32L4xx/Include -I../Drivers/CMSIS/Include -O0 -ffunction-sections -fdata-sections -Wall -fstack-usage -fcyclomatic-complexity -MMD -MP -MF"Drivers/STM32L4xx_HAL_Driver/Src/stm32l4xx_hal_dma.d" -MT"Drivers/STM32L4xx_HAL_Driver/Src/stm32l4xx_hal_dma.o" --specs=nano.specs -mfpu=fpv4-sp-d16 -mfloat-abi=hard -mthumb -o "Drivers/STM32L4xx_HAL_Driver/Src/stm32l4xx_hal_dma.o"
arm-none-eabi-gcc "../Drivers/STM32L4xx_HAL_Driver/Src/stm32l4xx_hal_dma_ex.c" -mcpu=cortex-m4 -std=gnu11 -g3 -DDEBUG -DUSE_HAL_DRIVER -DSTM32L432xx -c -I../Core/Inc -I../Drivers/STM32L4xx_HAL_Driver/Inc -I../Drivers/STM32L4xx_HAL_Driver/Inc/Legacy -I../Drivers/CMSIS/Device/ST/STM32L4xx/Include -I../Drivers/CMSIS/Include -O0 -ffunction-sections -fdata-sections -Wall -fstack-usage -fcyclomatic-complexity -MMD -MP -MF"Drivers/STM32L4xx_HAL_Driver/Src/stm32l4xx_hal_dma_ex.d" -MT"Drivers/STM32L4xx_HAL_Driver/Src/stm32l4xx_hal_dma_ex.o" --specs=nano.specs -mfpu=fpv4-sp-d16 -mfloat-abi=hard -mthumb -o "Drivers/STM32L4xx_HAL_Driver/Src/stm32l4xx_hal_dma_ex.o"
arm-none-eabi-gcc "../Drivers/STM32L4xx_HAL_Driver/Src/stm32l4xx_hal_exti.c" -mcpu=cortex-m4 -std=gnu11 -g3 -DDEBUG -DUSE_HAL_DRIVER -DSTM32L432xx -c -I../Core/Inc -I../Drivers/STM32L4xx_HAL_Driver/Inc -I../Drivers/STM32L4xx_HAL_Driver/Inc/Legacy -I../Drivers/CMSIS/Device/ST/STM32L4xx/Include -I../Drivers/CMSIS/Include -O0 -ffunction-sections -fdata-sections -Wall -fstack-usage -fcyclomatic-complexity -MMD -MP -MF"Drivers/STM32L4xx_HAL_Driver/Src/stm32l4xx_hal_exti.d" -MT"Drivers/STM32L4xx_HAL_Driver/Src/stm32l4xx_hal_exti.o" --specs=nano.specs -mfpu=fpv4-sp-d16 -mfloat-abi=hard -mthumb -o "Drivers/STM32L4xx_HAL_Driver/Src/stm32l4xx_hal_exti.o"
arm-none-eabi-gcc "../Drivers/STM32L4xx_HAL_Driver/Src/stm32l4xx_hal_flash.c" -mcpu=cortex-m4 -std=gnu11 -g3 -DDEBUG -DUSE_HAL_DRIVER -DSTM32L432xx -c -I../Core/Inc -I../Drivers/STM32L4xx_HAL_Driver/Inc -I../Drivers/STM32L4xx_HAL_Driver/Inc/Legacy -I../Drivers/CMSIS/Device/ST/STM32L4xx/Include -I../Drivers/CMSIS/Include -O0 -ffunction-sections -fdata-sections -Wall -fstack-usage -fcyclomatic-complexity -MMD -MP -MF"Drivers/STM32L4xx_HAL_Driver/Src/stm32l4xx_hal_flash.d" -MT"Drivers/STM32L4xx_HAL_Driver/Src/stm32l4xx_hal_flash.o" --specs=nano.specs -mfpu=fpv4-sp-d16 -mfloat-abi=hard -mthumb -o "Drivers/STM32L4xx_HAL_Driver/Src/stm32l4xx_hal_flash.o"
arm-none-eabi-gcc "../Drivers/STM32L4xx_HAL_Driver/Src/stm32l4xx_hal_flash_ex.c" -mcpu=cortex-m4 -std=gnu11 -g3 -DDEBUG -DUSE_HAL_DRIVER -DSTM32L432xx -c -I../Core/Inc -I../Drivers/STM32L4xx_HAL_Driver/Inc -I../Drivers/STM32L4xx_HAL_Driver/Inc/Legacy -I../Drivers/CMSIS/Device/ST/STM32L4xx/Include -I../Drivers/CMSIS/Include -O0 -ffunction-sections -fdata-sections -Wall -fstack-usage -fcyclomatic-complexity -MMD -MP -MF"Drivers/STM32L4xx_HAL_Driver/Src/stm32l4xx_hal_flash_ex.d" -MT"Drivers/STM32L4xx_HAL_Driver/Src/stm32l4xx_hal_flash_ex.o" --specs=nano.specs -mfpu=fpv4-sp-d16 -mfloat-abi=hard -mthumb -o "Drivers/STM32L4xx_HAL_Driver/Src/stm32l4xx_hal_flash_ex.o"
arm-none-eabi-gcc "../Drivers/STM32L4xx_HAL_Driver/Src/stm32l4xx_hal_flash_ramfunc.c" -mcpu=cortex-m4 -std=gnu11 -g3 -DDEBUG -DUSE_HAL_DRIVER -DSTM32L432xx -c -I../Core/Inc -I../Drivers/STM32L4xx_HAL_Driver/Inc -I../Drivers/STM32L4xx_HAL_Driver/Inc/Legacy -I../Drivers/CMSIS/Device/ST/STM32L4xx/Include -I../Drivers/CMSIS/Include -O0 -ffunction-sections -fdata-sections -Wall -fstack-usage -fcyclomatic-complexity -MMD -MP -MF"Drivers/STM32L4xx_HAL_Driver/Src/stm32l4xx_hal_flash_ramfunc.d" -MT"Drivers/STM32L4xx_HAL_Driver/Src/stm32l4xx_hal_flash_ramfunc.o" --specs=nano.specs -mfpu=fpv4-sp-d16 -mfloat-abi=hard -mthumb -o "Drivers/STM32L4xx_HAL_Driver/Src/stm32l4xx_hal_flash_ramfunc.o"
arm-none-eabi-gcc "../Drivers/STM32L4xx_HAL_Driver/Src/stm32l4xx_hal_gpio.c" -mcpu=cortex-m4 -std=gnu11 -g3 -DDEBUG -DUSE_HAL_DRIVER -DSTM32L432xx -c -I../Core/Inc -I../Drivers/STM32L4xx_HAL_Driver/Inc -I../Drivers/STM32L4xx_HAL_Driver/Inc/Legacy -I../Drivers/CMSIS/Device/ST/STM32L4xx/Include -I../Drivers/CMSIS/Include -O0 -ffunction-sections -fdata-sections -Wall -fstack-usage -fcyclomatic-complexity -MMD -MP -MF"Drivers/STM32L4xx_HAL_Driver/Src/stm32l4xx_hal_gpio.d" -MT"Drivers/STM32L4xx_HAL_Driver/Src/stm32l4xx_hal_gpio.o" --specs=nano.specs -mfpu=fpv4-sp-d16 -mfloat-abi=hard -mthumb -o "Drivers/STM32L4xx_HAL_Driver/Src/stm32l4xx_hal_gpio.o"
arm-none-eabi-gcc "../Drivers/STM32L4xx_HAL_Driver/Src/stm32l4xx_hal_i2c.c" -mcpu=cortex-m4 -std=gnu11 -g3 -DDEBUG -DUSE_HAL_DRIVER -DSTM32L432xx -c -I../Core/Inc -I../Drivers/STM32L4xx_HAL_Driver/Inc -I../Drivers/STM32L4xx_HAL_Driver/Inc/Legacy -I../Drivers/CMSIS/Device/ST/STM32L4xx/Include -I../Drivers/CMSIS/Include -O0 -ffunction-sections -fdata-sections -Wall -fstack-usage -fcyclomatic-complexity -MMD -MP -MF"Drivers/STM32L4xx_HAL_Driver/Src/stm32l4xx_hal_i2c.d" -MT"Drivers/STM32L4xx_HAL_Driver/Src/stm32l4xx_hal_i2c.o" --specs=nano.specs -mfpu=fpv4-sp-d16 -mfloat-abi=hard -mthumb -o "Drivers/STM32L4xx_HAL_Driver/Src/stm32l4xx_hal_i2c.o"
arm-none-eabi-gcc "../Drivers/STM32L4xx_HAL_Driver/Src/stm32l4xx_hal_i2c_ex.c" -mcpu=cortex-m4 -std=gnu11 -g3 -DDEBUG -DUSE_HAL_DRIVER -DSTM32L432xx -c -I../Core/Inc -I../Drivers/STM32L4xx_HAL_Driver/Inc -I../Drivers/STM32L4xx_HAL_Driver/Inc/Legacy -I../Drivers/CMSIS/Device/ST/STM32L4xx/Include -I../Drivers/CMSIS/Include -O0 -ffunction-sections -fdata-sections -Wall -fstack-usage -fcyclomatic-complexity -MMD -MP -MF"Drivers/STM32L4xx_HAL_Driver/Src/stm32l4xx_hal_i2c_ex.d" -MT"Drivers/STM32L4xx_HAL_Driver/Src/stm32l4xx_hal_i2c_ex.o" --specs=nano.specs -mfpu=fpv4-sp-d16 -mfloat-abi=hard -mthumb -o "Drivers/STM32L4xx_HAL_Driver/Src/stm32l4xx_hal_i2c_ex.o"
arm-none-eabi-gcc "../Drivers/STM32L4xx_HAL_Driver/Src/stm32l4xx_hal_pwr.c" -mcpu=cortex-m4 -std=gnu11 -g3 -DDEBUG -DUSE_HAL_DRIVER -DSTM32L432xx -c -I../Core/Inc -I../Drivers/STM32L4xx_HAL_Driver/Inc -I../Drivers/STM32L4xx_HAL_Driver/Inc/Legacy -I../Drivers/CMSIS/Device/ST/STM32L4xx/Include -I../Drivers/CMSIS/Include -O0 -ffunction-sections -fdata-sections -Wall -fstack-usage -fcyclomatic-complexity -MMD -MP -MF"Drivers/STM32L4xx_HAL_Driver/Src/stm32l4xx_hal_pwr.d" -MT"Drivers/STM32L4xx_HAL_Driver/Src/stm32l4xx_hal_pwr.o" --specs=nano.specs -mfpu=fpv4-sp-d16 -mfloat-abi=hard -mthumb -o "Drivers/STM32L4xx_HAL_Driver/Src/stm32l4xx_hal_pwr.o"
arm-none-eabi-gcc "../Drivers/STM32L4xx_HAL_Driver/Src/stm32l4xx_hal_pwr_ex.c" -mcpu=cortex-m4 -std=gnu11 -g3 -DDEBUG -DUSE_HAL_DRIVER -DSTM32L432xx -c -I../Core/Inc -I../Drivers/STM32L4xx_HAL_Driver/Inc -I../Drivers/STM32L4xx_HAL_Driver/Inc/Legacy -I../Drivers/CMSIS/Device/ST/STM32L4xx/Include -I../Drivers/CMSIS/Include -O0 -ffunction-sections -fdata-sections -Wall -fstack-usage -fcyclomatic-complexity -MMD -MP -MF"Drivers/STM32L4xx_HAL_Driver/Src/stm32l4xx_hal_pwr_ex.d" -MT"Drivers/STM32L4xx_HAL_Driver/Src/stm32l4xx_hal_pwr_ex.o" --specs=nano.specs -mfpu=fpv4-sp-d16 -mfloat-abi=hard -mthumb -o "Drivers/STM32L4xx_HAL_Driver/Src/stm32l4xx_hal_pwr_ex.o"
arm-none-eabi-gcc "../Drivers/STM32L4xx_HAL_Driver/Src/stm32l4xx_hal_rcc.c" -mcpu=cortex-m4 -std=gnu11 -g3 -DDEBUG -DUSE_HAL_DRIVER -DSTM32L432xx -c -I../Core/Inc -I../Drivers/STM32L4xx_HAL_Driver/Inc -I../Drivers/STM32L4xx_HAL_Driver/Inc/Legacy -I../Drivers/CMSIS/Device/ST/STM32L4xx/Include -I../Drivers/CMSIS/Include -O0 -ffunction-sections -fdata-sections -Wall -fstack-usage -fcyclomatic-complexity -MMD -MP -MF"Drivers/STM32L4xx_HAL_Driver/Src/stm32l4xx_hal_rcc.d" -MT"Drivers/STM32L4xx_HAL_Driver/Src/stm32l4xx_hal_rcc.o" --specs=nano.specs -mfpu=fpv4-sp-d16 -mfloat-abi=hard -mthumb -o "Drivers/STM32L4xx_HAL_Driver/Src/stm32l4xx_hal_rcc.o"
arm-none-eabi-gcc "../Drivers/STM32L4xx_HAL_Driver/Src/stm32l4xx_hal_rcc_ex.c" -mcpu=cortex-m4 -std=gnu11 -g3 -DDEBUG -DUSE_HAL_DRIVER -DSTM32L432xx -c -I../Core/Inc -I../Drivers/STM32L4xx_HAL_Driver/Inc -I../Drivers/STM32L4xx_HAL_Driver/Inc/Legacy -I../Drivers/CMSIS/Device/ST/STM32L4xx/Include -I../Drivers/CMSIS/Include -O0 -ffunction-sections -fdata-sections -Wall -fstack-usage -fcyclomatic-complexity -MMD -MP -MF"Drivers/STM32L4xx_HAL_Driver/Src/stm32l4xx_hal_rcc_ex.d" -MT"Drivers/STM32L4xx_HAL_Driver/Src/stm32l4xx_hal_rcc_ex.o" --specs=nano.specs -mfpu=fpv4-sp-d16 -mfloat-abi=hard -mthumb -o "Drivers/STM32L4xx_HAL_Driver/Src/stm32l4xx_hal_rcc_ex.o"
arm-none-eabi-gcc "../Drivers/STM32L4xx_HAL_Driver/Src/stm32l4xx_hal_spi.c" -mcpu=cortex-m4 -std=gnu11 -g3 -DDEBUG -DUSE_HAL_DRIVER -DSTM32L432xx -c -I../Core/Inc -I../Drivers/STM32L4xx_HAL_Driver/Inc -I../Drivers/STM32L4xx_HAL_Driver/Inc/Legacy -I../Drivers/CMSIS/Device/ST/STM32L4xx/Include -I../Drivers/CMSIS/Include -O0 -ffunction-sections -fdata-sections -Wall -fstack-usage -fcyclomatic-complexity -MMD -MP -MF"Drivers/STM32L4xx_HAL_Driver/Src/stm32l4xx_hal_spi.d" -MT"Drivers/STM32L4xx_HAL_Driver/Src/stm32l4xx_hal_spi.o" --specs=nano.specs -mfpu=fpv4-sp-d16 -mfloat-abi=hard -mthumb -o "Drivers/STM32L4xx_HAL_Driver/Src/stm32l4xx_hal_spi.o"
arm-none-eabi-gcc "../Drivers/STM32L4xx_HAL_Driver/Src/stm32l4xx_hal_spi_ex.c" -mcpu=cortex-m4 -std=gnu11 -g3 -DDEBUG -DUSE_HAL_DRIVER -DSTM32L432xx -c -I../Core/Inc -I../Drivers/STM32L4xx_HAL_Driver/Inc -I../Drivers/STM32L4xx_HAL_Driver/Inc/Legacy -I../Drivers/CMSIS/Device/ST/STM32L4xx/Include -I../Drivers/CMSIS/Include -O0 -ffunction-sections -fdata-sections -Wall -fstack-usage -fcyclomatic-complexity -MMD -MP -MF"Drivers/STM32L4xx_HAL_Driver/Src/stm32l4xx_hal_spi_ex.d" -MT"Drivers/STM32L4xx_HAL_Driver/Src/stm32l4xx_hal_spi_ex.o" --specs=nano.specs -mfpu=fpv4-sp-d16 -mfloat-abi=hard -mthumb -o "Drivers/STM32L4xx_HAL_Driver/Src/stm32l4xx_hal_spi_ex.o"
arm-none-eabi-gcc "../Drivers/STM32L4xx_HAL_Driver/Src/stm32l4xx_hal_uart.c" -mcpu=cortex-m4 -std=gnu11 -g3 -DDEBUG -DUSE_HAL_DRIVER -DSTM32L432xx -c -I../Core/Inc -I../Drivers/STM32L4xx_HAL_Driver/Inc -I../Drivers/STM32L4xx_HAL_Driver/Inc/Legacy -I../Drivers/CMSIS/Device/ST/STM32L4xx/Include -I../Drivers/CMSIS/Include -O0 -ffunction-sections -fdata-sections -Wall -fstack-usage -fcyclomatic-complexity -MMD -MP -MF"Drivers/STM32L4xx_HAL_Driver/Src/stm32l4xx_hal_uart.d" -MT"Drivers/STM32L4xx_HAL_Driver/Src/stm32l4xx_hal_uart.o" --specs=nano.specs -mfpu=fpv4-sp-d16 -mfloat-abi=hard -mthumb -o "Drivers/STM32L4xx_HAL_Driver/Src/stm32l4xx_hal_uart.o"
arm-none-eabi-gcc "../Drivers/STM32L4xx_HAL_Driver/Src/stm32l4xx_hal_uart_ex.c" -mcpu=cortex-m4 -std=gnu11 -g3 -DDEBUG -DUSE_HAL_DRIVER -DSTM32L432xx -c -I../Core/Inc -I../Drivers/STM32L4xx_HAL_Driver/Inc -I../Drivers/STM32L4xx_HAL_Driver/Inc/Legacy -I../Drivers/CMSIS/Device/ST/STM32L4xx/Include -I../Drivers/CMSIS/Include -O0 -ffunction-sections -fdata-sections -Wall -fstack-usage -fcyclomatic-complexity -MMD -MP -MF"Drivers/STM32L4xx_HAL_Driver/Src/stm32l4xx_hal_uart_ex.d" -MT"Drivers/STM32L4xx_HAL_Driver/Src/stm32l4xx_hal_uart_ex.o" --specs=nano.specs -mfpu=fpv4-sp-d16 -mfloat-abi=hard -mthumb -o "Drivers/STM32L4xx_HAL_Driver/Src/stm32l4xx_hal_uart_ex.o"
arm-none-eabi-gcc -mcpu=cortex-m4 -g3 -DDEBUG -c -x assembler-with-cpp -MMD -MP -MF"Core/Startup/startup_stm32l432kcux.d" -MT"Core/Startup/startup_stm32l432kcux.o" --specs=nano.specs -mfpu=fpv4-sp-d16 -mfloat-abi=hard -mthumb -o "Core/Startup/startup_stm32l432kcux.o" "../Core/Startup/startup_stm32l432kcux.s"
arm-none-eabi-gcc "../Core/Src/main.c" -mcpu=cortex-m4 -std=gnu11 -g3 -DDEBUG -DUSE_HAL_DRIVER -DSTM32L432xx -c -I../Core/Inc -I../Drivers/STM32L4xx_HAL_Driver/Inc -I../Drivers/STM32L4xx_HAL_Driver/Inc/Legacy -I../Drivers/CMSIS/Device/ST/STM32L4xx/Include -I../Drivers/CMSIS/Include -O0 -ffunction-sections -fdata-sections -Wall -fstack-usage -fcyclomatic-complexity -MMD -MP -MF"Core/Src/main.d" -MT"Core/Src/main.o" --specs=nano.specs -mfpu=fpv4-sp-d16 -mfloat-abi=hard -mthumb -o "Core/Src/main.o"
arm-none-eabi-gcc "../Core/Src/stm32l4xx_hal_msp.c" -mcpu=cortex-m4 -std=gnu11 -g3 -DDEBUG -DUSE_HAL_DRIVER -DSTM32L432xx -c -I../Core/Inc -I../Drivers/STM32L4xx_HAL_Driver/Inc -I../Drivers/STM32L4xx_HAL_Driver/Inc/Legacy -I../Drivers/CMSIS/Device/ST/STM32L4xx/Include -I../Drivers/CMSIS/Include -O0 -ffunction-sections -fdata-sections -Wall -fstack-usage -fcyclomatic-complexity -MMD -MP -MF"Core/Src/stm32l4xx_hal_msp.d" -MT"Core/Src/stm32l4xx_hal_msp.o" --specs=nano.specs -mfpu=fpv4-sp-d16 -mfloat-abi=hard -mthumb -o "Core/Src/stm32l4xx_hal_msp.o"
arm-none-eabi-gcc "../Core/Src/stm32l4xx_it.c" -mcpu=cortex-m4 -std=gnu11 -g3 -DDEBUG -DUSE_HAL_DRIVER -DSTM32L432xx -c -I../Core/Inc -I../Drivers/STM32L4xx_HAL_Driver/Inc -I../Drivers/STM32L4xx_HAL_Driver/Inc/Legacy -I../Drivers/CMSIS/Device/ST/STM32L4xx/Include -I../Drivers/CMSIS/Include -O0 -ffunction-sections -fdata-sections -Wall -fstack-usage -fcyclomatic-complexity -MMD -MP -MF"Core/Src/stm32l4xx_it.d" -MT"Core/Src/stm32l4xx_it.o" --specs=nano.specs -mfpu=fpv4-sp-d16 -mfloat-abi=hard -mthumb -o "Core/Src/stm32l4xx_it.o"
arm-none-eabi-gcc "../Core/Src/syscalls.c" -mcpu=cortex-m4 -std=gnu11 -g3 -DDEBUG -DUSE_HAL_DRIVER -DSTM32L432xx -c -I../Core/Inc -I../Drivers/STM32L4xx_HAL_Driver/Inc -I../Drivers/STM32L4xx_HAL_Driver/Inc/Legacy -I../Drivers/CMSIS/Device/ST/STM32L4xx/Include -I../Drivers/CMSIS/Include -O0 -ffunction-sections -fdata-sections -Wall -fstack-usage -fcyclomatic-complexity -MMD -MP -MF"Core/Src/syscalls.d" -MT"Core/Src/syscalls.o" --specs=nano.specs -mfpu=fpv4-sp-d16 -mfloat-abi=hard -mthumb -o "Core/Src/syscalls.o"
arm-none-eabi-gcc "../Core/Src/sysmem.c" -mcpu=cortex-m4 -std=gnu11 -g3 -DDEBUG -DUSE_HAL_DRIVER -DSTM32L432xx -c -I../Core/Inc -I../Drivers/STM32L4xx_HAL_Driver/Inc -I../Drivers/STM32L4xx_HAL_Driver/Inc/Legacy -I../Drivers/CMSIS/Device/ST/STM32L4xx/Include -I../Drivers/CMSIS/Include -O0 -ffunction-sections -fdata-sections -Wall -fstack-usage -fcyclomatic-complexity -MMD -MP -MF"Core/Src/sysmem.d" -MT"Core/Src/sysmem.o" --specs=nano.specs -mfpu=fpv4-sp-d16 -mfloat-abi=hard -mthumb -o "Core/Src/sysmem.o"
arm-none-eabi-gcc "../Core/Src/system_stm32l4xx.c" -mcpu=cortex-m4 -std=gnu11 -g3 -DDEBUG -DUSE_HAL_DRIVER -DSTM32L432xx -c -I../Core/Inc -I../Drivers/STM32L4xx_HAL_Driver/Inc -I../Drivers/STM32L4xx_HAL_Driver/Inc/Legacy -I../Drivers/CMSIS/Device/ST/STM32L4xx/Include -I../Drivers/CMSIS/Include -O0 -ffunction-sections -fdata-sections -Wall -fstack-usage -fcyclomatic-complexity -MMD -MP -MF"Core/Src/system_stm32l4xx.d" -MT"Core/Src/system_stm32l4xx.o" --specs=nano.specs -mfpu=fpv4-sp-d16 -mfloat-abi=hard -mthumb -o "Core/Src/system_stm32l4xx.o"
arm-none-eabi-gcc -o "task_1.elf" @"objects.list"   -mcpu=cortex-m4 -T"C:\Users\Jing Yuen\OneDrive\Desktop\2026 SEM 1\ECE 2071\project\processing_stm\task_1\STM32L432KCUX_FLASH.ld" --specs=nosys.specs -Wl,-Map="task_1.map" -Wl,--gc-sections -static --specs=nano.specs -mfpu=fpv4-sp-d16 -mfloat-abi=hard -mthumb -Wl,--start-group -lc -lm -Wl,--end-group
Finished building target: task_1.elf
 
arm-none-eabi-size  task_1.elf 
arm-none-eabi-objdump -h -S task_1.elf  > "task_1.list"
Finished building: task_1.list
 
   text	   data	    bss	    dec	    hex	filename
  19212	     12	   2420	  21644	   548c	task_1.elf
Finished building: default.size.stdout
 
21:24:19 **** Incremental Build of configuration Debug for project task_1 ****
make -j12 all 
arm-none-eabi-size  task_1.elf 
   text	   data	    bss	    dec	    hex	filename
  19212	     12	   2420	  21644	   548c	task_1.elf
Finished building: default.size.stdout
 
21:26:07 **** Incremental Build of configuration Debug for project task_1 ****
make -j12 all 
arm-none-eabi-gcc "../Core/Src/main.c" -mcpu=cortex-m4 -std=gnu11 -g3 -DDEBUG -DUSE_HAL_DRIVER -DSTM32L432xx -c -I../Core/Inc -I../Drivers/STM32L4xx_HAL_Driver/Inc -I../Drivers/STM32L4xx_HAL_Driver/Inc/Legacy -I../Drivers/CMSIS/Device/ST/STM32L4xx/Include -I../Drivers/CMSIS/Include -O0 -ffunction-sections -fdata-sections -Wall -fstack-usage -fcyclomatic-complexity -MMD -MP -MF"Core/Src/main.d" -MT"Core/Src/main.o" --specs=nano.specs -mfpu=fpv4-sp-d16 -mfloat-abi=hard -mthumb -o "Core/Src/main.o"
arm-none-eabi-gcc -o "task_1.elf" @"objects.list"   -mcpu=cortex-m4 -T"C:\Users\Jing Yuen\OneDrive\Desktop\2026 SEM 1\ECE 2071\project\processing_stm\task_1\STM32L432KCUX_FLASH.ld" --specs=nosys.specs -Wl,-Map="task_1.map" -Wl,--gc-sections -static --specs=nano.specs -mfpu=fpv4-sp-d16 -mfloat-abi=hard -mthumb -Wl,--start-group -lc -lm -Wl,--end-group
Finished building target: task_1.elf
 
arm-none-eabi-size  task_1.elf 
arm-none-eabi-objdump -h -S task_1.elf  > "task_1.list"
Finished building: task_1.list
 
   text	   data	    bss	    dec	    hex	filename
  19224	     12	   2420	  21656	   5498	task_1.elf
Finished building: default.size.stdout
 
21:26:12 **** Incremental Build of configuration Debug for project task_1 ****
make -j12 all 
arm-none-eabi-size  task_1.elf 
   text	   data	    bss	    dec	    hex	filename
  19224	     12	   2420	  21656	   5498	task_1.elf
Finished building: default.size.stdout
 
21:27:56 **** Incremental Build of configuration Debug for project task_1 ****
make -j12 all 
arm-none-eabi-gcc "../Core/Src/main.c" -mcpu=cortex-m4 -std=gnu11 -g3 -DDEBUG -DUSE_HAL_DRIVER -DSTM32L432xx -c -I../Core/Inc -I../Drivers/STM32L4xx_HAL_Driver/Inc -I../Drivers/STM32L4xx_HAL_Driver/Inc/Legacy -I../Drivers/CMSIS/Device/ST/STM32L4xx/Include -I../Drivers/CMSIS/Include -O0 -ffunction-sections -fdata-sections -Wall -fstack-usage -fcyclomatic-complexity -MMD -MP -MF"Core/Src/main.d" -MT"Core/Src/main.o" --specs=nano.specs -mfpu=fpv4-sp-d16 -mfloat-abi=hard -mthumb -o "Core/Src/main.o"
arm-none-eabi-gcc -o "task_1.elf" @"objects.list"   -mcpu=cortex-m4 -T"C:\Users\Jing Yuen\OneDrive\Desktop\2026 SEM 1\ECE 2071\project\processing_stm\task_1\STM32L432KCUX_FLASH.ld" --specs=nosys.specs -Wl,-Map="task_1.map" -Wl,--gc-sections -static --specs=nano.specs -mfpu=fpv4-sp-d16 -mfloat-abi=hard -mthumb -Wl,--start-group -lc -lm -Wl,--end-group
Finished building target: task_1.elf
 
arm-none-eabi-size  task_1.elf 
arm-none-eabi-objdump -h -S task_1.elf  > "task_1.list"
Finished building: task_1.list
 
   text	   data	    bss	    dec	    hex	filename
  19212	     12	   2420	  21644	   548c	task_1.elf
Finished building: default.size.stdout
 
21:28:01 **** Incremental Build of configuration Debug for project task_1 ****
make -j12 all 
arm-none-eabi-size  task_1.elf 
   text	   data	    bss	    dec	    hex	filename
  19212	     12	   2420	  21644	   548c	task_1.elf
Finished building: default.size.stdout
 
21:45:24 **** Incremental Build of configuration Debug for project task_1 ****
make -j12 all 
arm-none-eabi-gcc "../Core/Src/main.c" -mcpu=cortex-m4 -std=gnu11 -g3 -DDEBUG -DUSE_HAL_DRIVER -DSTM32L432xx -c -I../Core/Inc -I../Drivers/STM32L4xx_HAL_Driver/Inc -I../Drivers/STM32L4xx_HAL_Driver/Inc/Legacy -I../Drivers/CMSIS/Device/ST/STM32L4xx/Include -I../Drivers/CMSIS/Include -O0 -ffunction-sections -fdata-sections -Wall -fstack-usage -fcyclomatic-complexity -MMD -MP -MF"Core/Src/main.d" -MT"Core/Src/main.o" --specs=nano.specs -mfpu=fpv4-sp-d16 -mfloat-abi=hard -mthumb -o "Core/Src/main.o"
arm-none-eabi-gcc "../Core/Src/stm32l4xx_hal_msp.c" -mcpu=cortex-m4 -std=gnu11 -g3 -DDEBUG -DUSE_HAL_DRIVER -DSTM32L432xx -c -I../Core/Inc -I../Drivers/STM32L4xx_HAL_Driver/Inc -I../Drivers/STM32L4xx_HAL_Driver/Inc/Legacy -I../Drivers/CMSIS/Device/ST/STM32L4xx/Include -I../Drivers/CMSIS/Include -O0 -ffunction-sections -fdata-sections -Wall -fstack-usage -fcyclomatic-complexity -MMD -MP -MF"Core/Src/stm32l4xx_hal_msp.d" -MT"Core/Src/stm32l4xx_hal_msp.o" --specs=nano.specs -mfpu=fpv4-sp-d16 -mfloat-abi=hard -mthumb -o "Core/Src/stm32l4xx_hal_msp.o"
arm-none-eabi-gcc -o "task_1.elf" @"objects.list"   -mcpu=cortex-m4 -T"C:\Users\Jing Yuen\OneDrive\Desktop\2026 SEM 1\ECE 2071\project\processing_stm\task_1\STM32L432KCUX_FLASH.ld" --specs=nosys.specs -Wl,-Map="task_1.map" -Wl,--gc-sections -static --specs=nano.specs -mfpu=fpv4-sp-d16 -mfloat-abi=hard -mthumb -Wl,--start-group -lc -lm -Wl,--end-group
Finished building target: task_1.elf
 
arm-none-eabi-size  task_1.elf 
arm-none-eabi-objdump -h -S task_1.elf  > "task_1.list"
Finished building: task_1.list
 
   text	   data	    bss	    dec	    hex	filename
  18656	     12	   2412	  21080	   5258	task_1.elf
Finished building: default.size.stdout
 
21:45:33 **** Incremental Build of configuration Debug for project task_1 ****
make -j12 all 
arm-none-eabi-size  task_1.elf 
   text	   data	    bss	    dec	    hex	filename
  18656	     12	   2412	  21080	   5258	task_1.elf
Finished building: default.size.stdout
 
21:47:15 **** Incremental Build of configuration Debug for project task_1 ****
make -j12 all 
arm-none-eabi-gcc "../Core/Src/main.c" -mcpu=cortex-m4 -std=gnu11 -g3 -DDEBUG -DUSE_HAL_DRIVER -DSTM32L432xx -c -I../Core/Inc -I../Drivers/STM32L4xx_HAL_Driver/Inc -I../Drivers/STM32L4xx_HAL_Driver/Inc/Legacy -I../Drivers/CMSIS/Device/ST/STM32L4xx/Include -I../Drivers/CMSIS/Include -O0 -ffunction-sections -fdata-sections -Wall -fstack-usage -fcyclomatic-complexity -MMD -MP -MF"Core/Src/main.d" -MT"Core/Src/main.o" --specs=nano.specs -mfpu=fpv4-sp-d16 -mfloat-abi=hard -mthumb -o "Core/Src/main.o"
arm-none-eabi-gcc -o "task_1.elf" @"objects.list"   -mcpu=cortex-m4 -T"C:\Users\Jing Yuen\OneDrive\Desktop\2026 SEM 1\ECE 2071\project\processing_stm\task_1\STM32L432KCUX_FLASH.ld" --specs=nosys.specs -Wl,-Map="task_1.map" -Wl,--gc-sections -static --specs=nano.specs -mfpu=fpv4-sp-d16 -mfloat-abi=hard -mthumb -Wl,--start-group -lc -lm -Wl,--end-group
Finished building target: task_1.elf
 
arm-none-eabi-size  task_1.elf 
arm-none-eabi-objdump -h -S task_1.elf  > "task_1.list"
Finished building: task_1.list
 
   text	   data	    bss	    dec	    hex	filename
  18648	     12	   2412	  21072	   5250	task_1.elf
Finished building: default.size.stdout
 
21:47:20 **** Incremental Build of configuration Debug for project task_1 ****
make -j12 all 
arm-none-eabi-size  task_1.elf 
   text	   data	    bss	    dec	    hex	filename
  18648	     12	   2412	  21072	   5250	task_1.elf
Finished building: default.size.stdout
 
21:48:23 **** Incremental Build of configuration Debug for project task_1 ****
make -j12 all 
arm-none-eabi-gcc "../Core/Src/main.c" -mcpu=cortex-m4 -std=gnu11 -g3 -DDEBUG -DUSE_HAL_DRIVER -DSTM32L432xx -c -I../Core/Inc -I../Drivers/STM32L4xx_HAL_Driver/Inc -I../Drivers/STM32L4xx_HAL_Driver/Inc/Legacy -I../Drivers/CMSIS/Device/ST/STM32L4xx/Include -I../Drivers/CMSIS/Include -O0 -ffunction-sections -fdata-sections -Wall -fstack-usage -fcyclomatic-complexity -MMD -MP -MF"Core/Src/main.d" -MT"Core/Src/main.o" --specs=nano.specs -mfpu=fpv4-sp-d16 -mfloat-abi=hard -mthumb -o "Core/Src/main.o"
arm-none-eabi-gcc -o "task_1.elf" @"objects.list"   -mcpu=cortex-m4 -T"C:\Users\Jing Yuen\OneDrive\Desktop\2026 SEM 1\ECE 2071\project\processing_stm\task_1\STM32L432KCUX_FLASH.ld" --specs=nosys.specs -Wl,-Map="task_1.map" -Wl,--gc-sections -static --specs=nano.specs -mfpu=fpv4-sp-d16 -mfloat-abi=hard -mthumb -Wl,--start-group -lc -lm -Wl,--end-group
Finished building target: task_1.elf
 
arm-none-eabi-size  task_1.elf 
arm-none-eabi-objdump -h -S task_1.elf  > "task_1.list"
Finished building: task_1.list
 
   text	   data	    bss	    dec	    hex	filename
  18652	     12	   2412	  21076	   5254	task_1.elf
Finished building: default.size.stdout
 
21:48:30 **** Incremental Build of configuration Debug for project task_1 ****
make -j12 all 
arm-none-eabi-size  task_1.elf 
   text	   data	    bss	    dec	    hex	filename
  18652	     12	   2412	  21076	   5254	task_1.elf
Finished building: default.size.stdout
 
21:48:48 **** Incremental Build of configuration Debug for project task_1 ****
make -j12 all 
arm-none-eabi-size  task_1.elf 
   text	   data	    bss	    dec	    hex	filename
  18652	     12	   2412	  21076	   5254	task_1.elf
Finished building: default.size.stdout
 
21:49:04 **** Incremental Build of configuration Debug for project task_1 ****
make -j12 all 
arm-none-eabi-size  task_1.elf 
   text	   data	    bss	    dec	    hex	filename
  18652	     12	   2412	  21076	   5254	task_1.elf
Finished building: default.size.stdout
 
21:49:10 **** Incremental Build of configuration Debug for project task_1 ****
make -j12 all 
arm-none-eabi-size  task_1.elf 
   text	   data	    bss	    dec	    hex	filename
  18652	     12	   2412	  21076	   5254	task_1.elf
Finished building: default.size.stdout
 
21:49:48 **** Incremental Build of configuration Debug for project task_1 ****
make -j12 all 
arm-none-eabi-size  task_1.elf 
   text	   data	    bss	    dec	    hex	filename
  18652	     12	   2412	  21076	   5254	task_1.elf
Finished building: default.size.stdout
 
21:49:52 **** Incremental Build of configuration Debug for project task_1 ****
make -j12 all 
arm-none-eabi-size  task_1.elf 
   text	   data	    bss	    dec	    hex	filename
  18652	     12	   2412	  21076	   5254	task_1.elf
Finished building: default.size.stdout
 
21:50:13 **** Incremental Build of configuration Debug for project task_1 ****
make -j12 all 
arm-none-eabi-size  task_1.elf 
   text	   data	    bss	    dec	    hex	filename
  18652	     12	   2412	  21076	   5254	task_1.elf
Finished building: default.size.stdout
 
21:54:33 **** Incremental Build of configuration Debug for project task_1 ****
make -j12 all 
arm-none-eabi-gcc "../Core/Src/main.c" -mcpu=cortex-m4 -std=gnu11 -g3 -DDEBUG -DUSE_HAL_DRIVER -DSTM32L432xx -c -I../Core/Inc -I../Drivers/STM32L4xx_HAL_Driver/Inc -I../Drivers/STM32L4xx_HAL_Driver/Inc/Legacy -I../Drivers/CMSIS/Device/ST/STM32L4xx/Include -I../Drivers/CMSIS/Include -O0 -ffunction-sections -fdata-sections -Wall -fstack-usage -fcyclomatic-complexity -MMD -MP -MF"Core/Src/main.d" -MT"Core/Src/main.o" --specs=nano.specs -mfpu=fpv4-sp-d16 -mfloat-abi=hard -mthumb -o "Core/Src/main.o"
arm-none-eabi-gcc -o "task_1.elf" @"objects.list"   -mcpu=cortex-m4 -T"C:\Users\Jing Yuen\OneDrive\Desktop\2026 SEM 1\ECE 2071\project\processing_stm\task_1\STM32L432KCUX_FLASH.ld" --specs=nosys.specs -Wl,-Map="task_1.map" -Wl,--gc-sections -static --specs=nano.specs -mfpu=fpv4-sp-d16 -mfloat-abi=hard -mthumb -Wl,--start-group -lc -lm -Wl,--end-group
Finished building target: task_1.elf
 
arm-none-eabi-size  task_1.elf 
arm-none-eabi-objdump -h -S task_1.elf  > "task_1.list"
Finished building: task_1.list
 
   text	   data	    bss	    dec	    hex	filename
  18704	     12	   2412	  21128	   5288	task_1.elf
Finished building: default.size.stdout
 
21:54:58 **** Incremental Build of configuration Debug for project task_1 ****
make -j12 all 
arm-none-eabi-size  task_1.elf 
   text	   data	    bss	    dec	    hex	filename
  18704	     12	   2412	  21128	   5288	task_1.elf
Finished building: default.size.stdout
 
21:56:32 **** Incremental Build of configuration Debug for project task_1 ****
make -j12 all 
arm-none-eabi-gcc "../Core/Src/main.c" -mcpu=cortex-m4 -std=gnu11 -g3 -DDEBUG -DUSE_HAL_DRIVER -DSTM32L432xx -c -I../Core/Inc -I../Drivers/STM32L4xx_HAL_Driver/Inc -I../Drivers/STM32L4xx_HAL_Driver/Inc/Legacy -I../Drivers/CMSIS/Device/ST/STM32L4xx/Include -I../Drivers/CMSIS/Include -O0 -ffunction-sections -fdata-sections -Wall -fstack-usage -fcyclomatic-complexity -MMD -MP -MF"Core/Src/main.d" -MT"Core/Src/main.o" --specs=nano.specs -mfpu=fpv4-sp-d16 -mfloat-abi=hard -mthumb -o "Core/Src/main.o"
arm-none-eabi-gcc -o "task_1.elf" @"objects.list"   -mcpu=cortex-m4 -T"C:\Users\Jing Yuen\OneDrive\Desktop\2026 SEM 1\ECE 2071\project\processing_stm\task_1\STM32L432KCUX_FLASH.ld" --specs=nosys.specs -Wl,-Map="task_1.map" -Wl,--gc-sections -static --specs=nano.specs -mfpu=fpv4-sp-d16 -mfloat-abi=hard -mthumb -Wl,--start-group -lc -lm -Wl,--end-group
Finished building target: task_1.elf
 
arm-none-eabi-size  task_1.elf 
arm-none-eabi-objdump -h -S task_1.elf  > "task_1.list"
Finished building: task_1.list
 
   text	   data	    bss	    dec	    hex	filename
  17508	     12	   2420	  19940	   4de4	task_1.elf
Finished building: default.size.stdout
 
21:56:37 **** Incremental Build of configuration Debug for project task_1 ****
make -j12 all 
arm-none-eabi-size  task_1.elf 
   text	   data	    bss	    dec	    hex	filename
  17508	     12	   2420	  19940	   4de4	task_1.elf
Finished building: default.size.stdout
 
21:57:25 **** Incremental Build of configuration Debug for project task_1 ****
make -j12 all 
arm-none-eabi-gcc "../Core/Src/main.c" -mcpu=cortex-m4 -std=gnu11 -g3 -DDEBUG -DUSE_HAL_DRIVER -DSTM32L432xx -c -I../Core/Inc -I../Drivers/STM32L4xx_HAL_Driver/Inc -I../Drivers/STM32L4xx_HAL_Driver/Inc/Legacy -I../Drivers/CMSIS/Device/ST/STM32L4xx/Include -I../Drivers/CMSIS/Include -O0 -ffunction-sections -fdata-sections -Wall -fstack-usage -fcyclomatic-complexity -MMD -MP -MF"Core/Src/main.d" -MT"Core/Src/main.o" --specs=nano.specs -mfpu=fpv4-sp-d16 -mfloat-abi=hard -mthumb -o "Core/Src/main.o"
arm-none-eabi-gcc -o "task_1.elf" @"objects.list"   -mcpu=cortex-m4 -T"C:\Users\Jing Yuen\OneDrive\Desktop\2026 SEM 1\ECE 2071\project\processing_stm\task_1\STM32L432KCUX_FLASH.ld" --specs=nosys.specs -Wl,-Map="task_1.map" -Wl,--gc-sections -static --specs=nano.specs -mfpu=fpv4-sp-d16 -mfloat-abi=hard -mthumb -Wl,--start-group -lc -lm -Wl,--end-group
Finished building target: task_1.elf
 
arm-none-eabi-size  task_1.elf 
arm-none-eabi-objdump -h -S task_1.elf  > "task_1.list"
Finished building: task_1.list
 
   text	   data	    bss	    dec	    hex	filename
  18704	     12	   2412	  21128	   5288	task_1.elf
Finished building: default.size.stdout
 
21:57:29 **** Incremental Build of configuration Debug for project task_1 ****
make -j12 all 
arm-none-eabi-size  task_1.elf 
   text	   data	    bss	    dec	    hex	filename
  18704	     12	   2412	  21128	   5288	task_1.elf
Finished building: default.size.stdout
 
22:03:07 **** Incremental Build of configuration Debug for project task_1 ****
make -j12 all 
arm-none-eabi-gcc "../Core/Src/main.c" -mcpu=cortex-m4 -std=gnu11 -g3 -DDEBUG -DUSE_HAL_DRIVER -DSTM32L432xx -c -I../Core/Inc -I../Drivers/STM32L4xx_HAL_Driver/Inc -I../Drivers/STM32L4xx_HAL_Driver/Inc/Legacy -I../Drivers/CMSIS/Device/ST/STM32L4xx/Include -I../Drivers/CMSIS/Include -O0 -ffunction-sections -fdata-sections -Wall -fstack-usage -fcyclomatic-complexity -MMD -MP -MF"Core/Src/main.d" -MT"Core/Src/main.o" --specs=nano.specs -mfpu=fpv4-sp-d16 -mfloat-abi=hard -mthumb -o "Core/Src/main.o"
arm-none-eabi-gcc "../Core/Src/stm32l4xx_hal_msp.c" -mcpu=cortex-m4 -std=gnu11 -g3 -DDEBUG -DUSE_HAL_DRIVER -DSTM32L432xx -c -I../Core/Inc -I../Drivers/STM32L4xx_HAL_Driver/Inc -I../Drivers/STM32L4xx_HAL_Driver/Inc/Legacy -I../Drivers/CMSIS/Device/ST/STM32L4xx/Include -I../Drivers/CMSIS/Include -O0 -ffunction-sections -fdata-sections -Wall -fstack-usage -fcyclomatic-complexity -MMD -MP -MF"Core/Src/stm32l4xx_hal_msp.d" -MT"Core/Src/stm32l4xx_hal_msp.o" --specs=nano.specs -mfpu=fpv4-sp-d16 -mfloat-abi=hard -mthumb -o "Core/Src/stm32l4xx_hal_msp.o"
arm-none-eabi-gcc -o "task_1.elf" @"objects.list"   -mcpu=cortex-m4 -T"C:\Users\Jing Yuen\OneDrive\Desktop\2026 SEM 1\ECE 2071\project\processing_stm\task_1\STM32L432KCUX_FLASH.ld" --specs=nosys.specs -Wl,-Map="task_1.map" -Wl,--gc-sections -static --specs=nano.specs -mfpu=fpv4-sp-d16 -mfloat-abi=hard -mthumb -Wl,--start-group -lc -lm -Wl,--end-group
Finished building target: task_1.elf
 
arm-none-eabi-size  task_1.elf 
arm-none-eabi-objdump -h -S task_1.elf  > "task_1.list"
Finished building: task_1.list
 
   text	   data	    bss	    dec	    hex	filename
  16016	     12	   2156	  18184	   4708	task_1.elf
Finished building: default.size.stdout
 
22:03:19 **** Incremental Build of configuration Debug for project task_1 ****
make -j12 all 
arm-none-eabi-gcc "../Core/Src/main.c" -mcpu=cortex-m4 -std=gnu11 -g3 -DDEBUG -DUSE_HAL_DRIVER -DSTM32L432xx -c -I../Core/Inc -I../Drivers/STM32L4xx_HAL_Driver/Inc -I../Drivers/STM32L4xx_HAL_Driver/Inc/Legacy -I../Drivers/CMSIS/Device/ST/STM32L4xx/Include -I../Drivers/CMSIS/Include -O0 -ffunction-sections -fdata-sections -Wall -fstack-usage -fcyclomatic-complexity -MMD -MP -MF"Core/Src/main.d" -MT"Core/Src/main.o" --specs=nano.specs -mfpu=fpv4-sp-d16 -mfloat-abi=hard -mthumb -o "Core/Src/main.o"
arm-none-eabi-gcc -o "task_1.elf" @"objects.list"   -mcpu=cortex-m4 -T"C:\Users\Jing Yuen\OneDrive\Desktop\2026 SEM 1\ECE 2071\project\processing_stm\task_1\STM32L432KCUX_FLASH.ld" --specs=nosys.specs -Wl,-Map="task_1.map" -Wl,--gc-sections -static --specs=nano.specs -mfpu=fpv4-sp-d16 -mfloat-abi=hard -mthumb -Wl,--start-group -lc -lm -Wl,--end-group
Finished building target: task_1.elf
 
arm-none-eabi-size  task_1.elf 
arm-none-eabi-objdump -h -S task_1.elf  > "task_1.list"
Finished building: task_1.list
 
   text	   data	    bss	    dec	    hex	filename
  17508	     12	   2420	  19940	   4de4	task_1.elf
Finished building: default.size.stdout
 
22:03:24 **** Incremental Build of configuration Debug for project task_1 ****
make -j12 all 
arm-none-eabi-size  task_1.elf 
   text	   data	    bss	    dec	    hex	filename
  17508	     12	   2420	  19940	   4de4	task_1.elf
Finished building: default.size.stdout
 
22:05:34 **** Incremental Build of configuration Debug for project task_1 ****
make -j12 all 
arm-none-eabi-gcc "../Core/Src/main.c" -mcpu=cortex-m4 -std=gnu11 -g3 -DDEBUG -DUSE_HAL_DRIVER -DSTM32L432xx -c -I../Core/Inc -I../Drivers/STM32L4xx_HAL_Driver/Inc -I../Drivers/STM32L4xx_HAL_Driver/Inc/Legacy -I../Drivers/CMSIS/Device/ST/STM32L4xx/Include -I../Drivers/CMSIS/Include -O0 -ffunction-sections -fdata-sections -Wall -fstack-usage -fcyclomatic-complexity -MMD -MP -MF"Core/Src/main.d" -MT"Core/Src/main.o" --specs=nano.specs -mfpu=fpv4-sp-d16 -mfloat-abi=hard -mthumb -o "Core/Src/main.o"
arm-none-eabi-gcc -o "task_1.elf" @"objects.list"   -mcpu=cortex-m4 -T"C:\Users\Jing Yuen\OneDrive\Desktop\2026 SEM 1\ECE 2071\project\processing_stm\task_1\STM32L432KCUX_FLASH.ld" --specs=nosys.specs -Wl,-Map="task_1.map" -Wl,--gc-sections -static --specs=nano.specs -mfpu=fpv4-sp-d16 -mfloat-abi=hard -mthumb -Wl,--start-group -lc -lm -Wl,--end-group
Finished building target: task_1.elf
 
arm-none-eabi-size  task_1.elf 
arm-none-eabi-objdump -h -S task_1.elf  > "task_1.list"
Finished building: task_1.list
 
   text	   data	    bss	    dec	    hex	filename
  20380	     12	   2420	  22812	   591c	task_1.elf
Finished building: default.size.stdout
 
22:05:38 **** Incremental Build of configuration Debug for project task_1 ****
make -j12 all 
arm-none-eabi-size  task_1.elf 
   text	   data	    bss	    dec	    hex	filename
  20380	     12	   2420	  22812	   591c	task_1.elf
Finished building: default.size.stdout
 
22:10:33 **** Incremental Build of configuration Debug for project task_1 ****
make -j12 all 
arm-none-eabi-size  task_1.elf 
   text	   data	    bss	    dec	    hex	filename
  20380	     12	   2420	  22812	   591c	task_1.elf
Finished building: default.size.stdout
 
22:10:51 **** Incremental Build of configuration Debug for project task_1 ****
make -j12 all 
arm-none-eabi-gcc "../Core/Src/main.c" -mcpu=cortex-m4 -std=gnu11 -g3 -DDEBUG -DUSE_HAL_DRIVER -DSTM32L432xx -c -I../Core/Inc -I../Drivers/STM32L4xx_HAL_Driver/Inc -I../Drivers/STM32L4xx_HAL_Driver/Inc/Legacy -I../Drivers/CMSIS/Device/ST/STM32L4xx/Include -I../Drivers/CMSIS/Include -O0 -ffunction-sections -fdata-sections -Wall -fstack-usage -fcyclomatic-complexity -MMD -MP -MF"Core/Src/main.d" -MT"Core/Src/main.o" --specs=nano.specs -mfpu=fpv4-sp-d16 -mfloat-abi=hard -mthumb -o "Core/Src/main.o"
arm-none-eabi-gcc -o "task_1.elf" @"objects.list"   -mcpu=cortex-m4 -T"C:\Users\Jing Yuen\OneDrive\Desktop\2026 SEM 1\ECE 2071\project\processing_stm\task_1\STM32L432KCUX_FLASH.ld" --specs=nosys.specs -Wl,-Map="task_1.map" -Wl,--gc-sections -static --specs=nano.specs -mfpu=fpv4-sp-d16 -mfloat-abi=hard -mthumb -Wl,--start-group -lc -lm -Wl,--end-group
Finished building target: task_1.elf
 
arm-none-eabi-size  task_1.elf 
arm-none-eabi-objdump -h -S task_1.elf  > "task_1.list"
Finished building: task_1.list
 
   text	   data	    bss	    dec	    hex	filename
  20392	     12	   2420	  22824	   5928	task_1.elf
Finished building: default.size.stdout
 
22:10:56 **** Incremental Build of configuration Debug for project task_1 ****
make -j12 all 
arm-none-eabi-size  task_1.elf 
   text	   data	    bss	    dec	    hex	filename
  20392	     12	   2420	  22824	   5928	task_1.elf
Finished building: default.size.stdout
 
22:17:39 **** Incremental Build of configuration Debug for project task_1 ****
make -j12 all 
arm-none-eabi-gcc "../Core/Src/main.c" -mcpu=cortex-m4 -std=gnu11 -g3 -DDEBUG -DUSE_HAL_DRIVER -DSTM32L432xx -c -I../Core/Inc -I../Drivers/STM32L4xx_HAL_Driver/Inc -I../Drivers/STM32L4xx_HAL_Driver/Inc/Legacy -I../Drivers/CMSIS/Device/ST/STM32L4xx/Include -I../Drivers/CMSIS/Include -O0 -ffunction-sections -fdata-sections -Wall -fstack-usage -fcyclomatic-complexity -MMD -MP -MF"Core/Src/main.d" -MT"Core/Src/main.o" --specs=nano.specs -mfpu=fpv4-sp-d16 -mfloat-abi=hard -mthumb -o "Core/Src/main.o"
arm-none-eabi-gcc -o "task_1.elf" @"objects.list"   -mcpu=cortex-m4 -T"C:\Users\Jing Yuen\OneDrive\Desktop\2026 SEM 1\ECE 2071\project\processing_stm\task_1\STM32L432KCUX_FLASH.ld" --specs=nosys.specs -Wl,-Map="task_1.map" -Wl,--gc-sections -static --specs=nano.specs -mfpu=fpv4-sp-d16 -mfloat-abi=hard -mthumb -Wl,--start-group -lc -lm -Wl,--end-group
Finished building target: task_1.elf
 
arm-none-eabi-size  task_1.elf 
arm-none-eabi-objdump -h -S task_1.elf  > "task_1.list"
Finished building: task_1.list
 
   text	   data	    bss	    dec	    hex	filename
  19248	     12	   2412	  21672	   54a8	task_1.elf
Finished building: default.size.stdout
 
22:17:45 **** Incremental Build of configuration Debug for project task_1 ****
make -j12 all 
arm-none-eabi-size  task_1.elf 
   text	   data	    bss	    dec	    hex	filename
  19248	     12	   2412	  21672	   54a8	task_1.elf
Finished building: default.size.stdout
 
22:18:09 **** Incremental Build of configuration Debug for project task_1 ****
make -j12 all 
arm-none-eabi-gcc "../Core/Src/main.c" -mcpu=cortex-m4 -std=gnu11 -g3 -DDEBUG -DUSE_HAL_DRIVER -DSTM32L432xx -c -I../Core/Inc -I../Drivers/STM32L4xx_HAL_Driver/Inc -I../Drivers/STM32L4xx_HAL_Driver/Inc/Legacy -I../Drivers/CMSIS/Device/ST/STM32L4xx/Include -I../Drivers/CMSIS/Include -O0 -ffunction-sections -fdata-sections -Wall -fstack-usage -fcyclomatic-complexity -MMD -MP -MF"Core/Src/main.d" -MT"Core/Src/main.o" --specs=nano.specs -mfpu=fpv4-sp-d16 -mfloat-abi=hard -mthumb -o "Core/Src/main.o"
arm-none-eabi-gcc -o "task_1.elf" @"objects.list"   -mcpu=cortex-m4 -T"C:\Users\Jing Yuen\OneDrive\Desktop\2026 SEM 1\ECE 2071\project\processing_stm\task_1\STM32L432KCUX_FLASH.ld" --specs=nosys.specs -Wl,-Map="task_1.map" -Wl,--gc-sections -static --specs=nano.specs -mfpu=fpv4-sp-d16 -mfloat-abi=hard -mthumb -Wl,--start-group -lc -lm -Wl,--end-group
Finished building target: task_1.elf
 
arm-none-eabi-size  task_1.elf 
arm-none-eabi-objdump -h -S task_1.elf  > "task_1.list"
Finished building: task_1.list
 
   text	   data	    bss	    dec	    hex	filename
  19240	     12	   2412	  21664	   54a0	task_1.elf
Finished building: default.size.stdout
 
22:18:15 **** Incremental Build of configuration Debug for project task_1 ****
make -j12 all 
arm-none-eabi-size  task_1.elf 
   text	   data	    bss	    dec	    hex	filename
  19240	     12	   2412	  21664	   54a0	task_1.elf
Finished building: default.size.stdout
 
22:18:35 **** Incremental Build of configuration Debug for project task_1 ****
make -j12 all 
arm-none-eabi-gcc "../Core/Src/main.c" -mcpu=cortex-m4 -std=gnu11 -g3 -DDEBUG -DUSE_HAL_DRIVER -DSTM32L432xx -c -I../Core/Inc -I../Drivers/STM32L4xx_HAL_Driver/Inc -I../Drivers/STM32L4xx_HAL_Driver/Inc/Legacy -I../Drivers/CMSIS/Device/ST/STM32L4xx/Include -I../Drivers/CMSIS/Include -O0 -ffunction-sections -fdata-sections -Wall -fstack-usage -fcyclomatic-complexity -MMD -MP -MF"Core/Src/main.d" -MT"Core/Src/main.o" --specs=nano.specs -mfpu=fpv4-sp-d16 -mfloat-abi=hard -mthumb -o "Core/Src/main.o"
arm-none-eabi-gcc -o "task_1.elf" @"objects.list"   -mcpu=cortex-m4 -T"C:\Users\Jing Yuen\OneDrive\Desktop\2026 SEM 1\ECE 2071\project\processing_stm\task_1\STM32L432KCUX_FLASH.ld" --specs=nosys.specs -Wl,-Map="task_1.map" -Wl,--gc-sections -static --specs=nano.specs -mfpu=fpv4-sp-d16 -mfloat-abi=hard -mthumb -Wl,--start-group -lc -lm -Wl,--end-group
Finished building target: task_1.elf
 
arm-none-eabi-size  task_1.elf 
arm-none-eabi-objdump -h -S task_1.elf  > "task_1.list"
Finished building: task_1.list
 
   text	   data	    bss	    dec	    hex	filename
  19240	     12	   2412	  21664	   54a0	task_1.elf
Finished building: default.size.stdout
 
22:18:41 **** Incremental Build of configuration Debug for project task_1 ****
make -j12 all 
arm-none-eabi-size  task_1.elf 
   text	   data	    bss	    dec	    hex	filename
  19240	     12	   2412	  21664	   54a0	task_1.elf
Finished building: default.size.stdout
 
22:19:02 **** Incremental Build of configuration Debug for project task_1 ****
make -j12 all 
arm-none-eabi-gcc "../Core/Src/main.c" -mcpu=cortex-m4 -std=gnu11 -g3 -DDEBUG -DUSE_HAL_DRIVER -DSTM32L432xx -c -I../Core/Inc -I../Drivers/STM32L4xx_HAL_Driver/Inc -I../Drivers/STM32L4xx_HAL_Driver/Inc/Legacy -I../Drivers/CMSIS/Device/ST/STM32L4xx/Include -I../Drivers/CMSIS/Include -O0 -ffunction-sections -fdata-sections -Wall -fstack-usage -fcyclomatic-complexity -MMD -MP -MF"Core/Src/main.d" -MT"Core/Src/main.o" --specs=nano.specs -mfpu=fpv4-sp-d16 -mfloat-abi=hard -mthumb -o "Core/Src/main.o"
arm-none-eabi-gcc -o "task_1.elf" @"objects.list"   -mcpu=cortex-m4 -T"C:\Users\Jing Yuen\OneDrive\Desktop\2026 SEM 1\ECE 2071\project\processing_stm\task_1\STM32L432KCUX_FLASH.ld" --specs=nosys.specs -Wl,-Map="task_1.map" -Wl,--gc-sections -static --specs=nano.specs -mfpu=fpv4-sp-d16 -mfloat-abi=hard -mthumb -Wl,--start-group -lc -lm -Wl,--end-group
Finished building target: task_1.elf
 
arm-none-eabi-size  task_1.elf 
arm-none-eabi-objdump -h -S task_1.elf  > "task_1.list"
Finished building: task_1.list
 
   text	   data	    bss	    dec	    hex	filename
  19240	     12	   2412	  21664	   54a0	task_1.elf
Finished building: default.size.stdout
 
22:19:07 **** Incremental Build of configuration Debug for project task_1 ****
make -j12 all 
arm-none-eabi-size  task_1.elf 
   text	   data	    bss	    dec	    hex	filename
  19240	     12	   2412	  21664	   54a0	task_1.elf
Finished building: default.size.stdout
 
22:22:15 **** Incremental Build of configuration Debug for project task_1 ****
make -j12 all 
arm-none-eabi-gcc "../Core/Src/main.c" -mcpu=cortex-m4 -std=gnu11 -g3 -DDEBUG -DUSE_HAL_DRIVER -DSTM32L432xx -c -I../Core/Inc -I../Drivers/STM32L4xx_HAL_Driver/Inc -I../Drivers/STM32L4xx_HAL_Driver/Inc/Legacy -I../Drivers/CMSIS/Device/ST/STM32L4xx/Include -I../Drivers/CMSIS/Include -O0 -ffunction-sections -fdata-sections -Wall -fstack-usage -fcyclomatic-complexity -MMD -MP -MF"Core/Src/main.d" -MT"Core/Src/main.o" --specs=nano.specs -mfpu=fpv4-sp-d16 -mfloat-abi=hard -mthumb -o "Core/Src/main.o"
arm-none-eabi-gcc "../Core/Src/stm32l4xx_hal_msp.c" -mcpu=cortex-m4 -std=gnu11 -g3 -DDEBUG -DUSE_HAL_DRIVER -DSTM32L432xx -c -I../Core/Inc -I../Drivers/STM32L4xx_HAL_Driver/Inc -I../Drivers/STM32L4xx_HAL_Driver/Inc/Legacy -I../Drivers/CMSIS/Device/ST/STM32L4xx/Include -I../Drivers/CMSIS/Include -O0 -ffunction-sections -fdata-sections -Wall -fstack-usage -fcyclomatic-complexity -MMD -MP -MF"Core/Src/stm32l4xx_hal_msp.d" -MT"Core/Src/stm32l4xx_hal_msp.o" --specs=nano.specs -mfpu=fpv4-sp-d16 -mfloat-abi=hard -mthumb -o "Core/Src/stm32l4xx_hal_msp.o"
arm-none-eabi-gcc -o "task_1.elf" @"objects.list"   -mcpu=cortex-m4 -T"C:\Users\Jing Yuen\OneDrive\Desktop\2026 SEM 1\ECE 2071\project\processing_stm\task_1\STM32L432KCUX_FLASH.ld" --specs=nosys.specs -Wl,-Map="task_1.map" -Wl,--gc-sections -static --specs=nano.specs -mfpu=fpv4-sp-d16 -mfloat-abi=hard -mthumb -Wl,--start-group -lc -lm -Wl,--end-group
Finished building target: task_1.elf
 
arm-none-eabi-size  task_1.elf 
arm-none-eabi-objdump -h -S task_1.elf  > "task_1.list"
Finished building: task_1.list
 
   text	   data	    bss	    dec	    hex	filename
  19200	     12	   2412	  21624	   5478	task_1.elf
Finished building: default.size.stdout
 
22:22:34 **** Incremental Build of configuration Debug for project task_1 ****
make -j12 all 
arm-none-eabi-gcc "../Core/Src/main.c" -mcpu=cortex-m4 -std=gnu11 -g3 -DDEBUG -DUSE_HAL_DRIVER -DSTM32L432xx -c -I../Core/Inc -I../Drivers/STM32L4xx_HAL_Driver/Inc -I../Drivers/STM32L4xx_HAL_Driver/Inc/Legacy -I../Drivers/CMSIS/Device/ST/STM32L4xx/Include -I../Drivers/CMSIS/Include -O0 -ffunction-sections -fdata-sections -Wall -fstack-usage -fcyclomatic-complexity -MMD -MP -MF"Core/Src/main.d" -MT"Core/Src/main.o" --specs=nano.specs -mfpu=fpv4-sp-d16 -mfloat-abi=hard -mthumb -o "Core/Src/main.o"
arm-none-eabi-gcc -o "task_1.elf" @"objects.list"   -mcpu=cortex-m4 -T"C:\Users\Jing Yuen\OneDrive\Desktop\2026 SEM 1\ECE 2071\project\processing_stm\task_1\STM32L432KCUX_FLASH.ld" --specs=nosys.specs -Wl,-Map="task_1.map" -Wl,--gc-sections -static --specs=nano.specs -mfpu=fpv4-sp-d16 -mfloat-abi=hard -mthumb -Wl,--start-group -lc -lm -Wl,--end-group
Finished building target: task_1.elf
 
arm-none-eabi-size  task_1.elf 
arm-none-eabi-objdump -h -S task_1.elf  > "task_1.list"
Finished building: task_1.list
 
   text	   data	    bss	    dec	    hex	filename
  19188	     12	   2412	  21612	   546c	task_1.elf
Finished building: default.size.stdout
 
22:22:40 **** Incremental Build of configuration Debug for project task_1 ****
make -j12 all 
arm-none-eabi-size  task_1.elf 
   text	   data	    bss	    dec	    hex	filename
  19188	     12	   2412	  21612	   546c	task_1.elf
Finished building: default.size.stdout
 
22:24:55 **** Incremental Build of configuration Debug for project task_1 ****
make -j12 all 
arm-none-eabi-gcc "../Core/Src/main.c" -mcpu=cortex-m4 -std=gnu11 -g3 -DDEBUG -DUSE_HAL_DRIVER -DSTM32L432xx -c -I../Core/Inc -I../Drivers/STM32L4xx_HAL_Driver/Inc -I../Drivers/STM32L4xx_HAL_Driver/Inc/Legacy -I../Drivers/CMSIS/Device/ST/STM32L4xx/Include -I../Drivers/CMSIS/Include -O0 -ffunction-sections -fdata-sections -Wall -fstack-usage -fcyclomatic-complexity -MMD -MP -MF"Core/Src/main.d" -MT"Core/Src/main.o" --specs=nano.specs -mfpu=fpv4-sp-d16 -mfloat-abi=hard -mthumb -o "Core/Src/main.o"
arm-none-eabi-gcc -o "task_1.elf" @"objects.list"   -mcpu=cortex-m4 -T"C:\Users\Jing Yuen\OneDrive\Desktop\2026 SEM 1\ECE 2071\project\processing_stm\task_1\STM32L432KCUX_FLASH.ld" --specs=nosys.specs -Wl,-Map="task_1.map" -Wl,--gc-sections -static --specs=nano.specs -mfpu=fpv4-sp-d16 -mfloat-abi=hard -mthumb -Wl,--start-group -lc -lm -Wl,--end-group
Finished building target: task_1.elf
 
arm-none-eabi-size  task_1.elf 
arm-none-eabi-objdump -h -S task_1.elf  > "task_1.list"
Finished building: task_1.list
 
   text	   data	    bss	    dec	    hex	filename
  19180	     12	   2412	  21604	   5464	task_1.elf
Finished building: default.size.stdout
 
22:25:04 **** Incremental Build of configuration Debug for project task_1 ****
make -j12 all 
arm-none-eabi-size  task_1.elf 
   text	   data	    bss	    dec	    hex	filename
  19180	     12	   2412	  21604	   5464	task_1.elf
Finished building: default.size.stdout
 
22:25:41 **** Incremental Build of configuration Debug for project task_1 ****
make -j12 all 
arm-none-eabi-gcc "../Core/Src/main.c" -mcpu=cortex-m4 -std=gnu11 -g3 -DDEBUG -DUSE_HAL_DRIVER -DSTM32L432xx -c -I../Core/Inc -I../Drivers/STM32L4xx_HAL_Driver/Inc -I../Drivers/STM32L4xx_HAL_Driver/Inc/Legacy -I../Drivers/CMSIS/Device/ST/STM32L4xx/Include -I../Drivers/CMSIS/Include -O0 -ffunction-sections -fdata-sections -Wall -fstack-usage -fcyclomatic-complexity -MMD -MP -MF"Core/Src/main.d" -MT"Core/Src/main.o" --specs=nano.specs -mfpu=fpv4-sp-d16 -mfloat-abi=hard -mthumb -o "Core/Src/main.o"
arm-none-eabi-gcc -o "task_1.elf" @"objects.list"   -mcpu=cortex-m4 -T"C:\Users\Jing Yuen\OneDrive\Desktop\2026 SEM 1\ECE 2071\project\processing_stm\task_1\STM32L432KCUX_FLASH.ld" --specs=nosys.specs -Wl,-Map="task_1.map" -Wl,--gc-sections -static --specs=nano.specs -mfpu=fpv4-sp-d16 -mfloat-abi=hard -mthumb -Wl,--start-group -lc -lm -Wl,--end-group
Finished building target: task_1.elf
 
arm-none-eabi-size  task_1.elf 
arm-none-eabi-objdump -h -S task_1.elf  > "task_1.list"
Finished building: task_1.list
 
   text	   data	    bss	    dec	    hex	filename
  19188	     12	   2412	  21612	   546c	task_1.elf
Finished building: default.size.stdout
 
22:25:46 **** Incremental Build of configuration Debug for project task_1 ****
make -j12 all 
arm-none-eabi-size  task_1.elf 
   text	   data	    bss	    dec	    hex	filename
  19188	     12	   2412	  21612	   546c	task_1.elf
Finished building: default.size.stdout
 
22:26:37 **** Incremental Build of configuration Debug for project task_1 ****
make -j12 all 
arm-none-eabi-gcc "../Core/Src/main.c" -mcpu=cortex-m4 -std=gnu11 -g3 -DDEBUG -DUSE_HAL_DRIVER -DSTM32L432xx -c -I../Core/Inc -I../Drivers/STM32L4xx_HAL_Driver/Inc -I../Drivers/STM32L4xx_HAL_Driver/Inc/Legacy -I../Drivers/CMSIS/Device/ST/STM32L4xx/Include -I../Drivers/CMSIS/Include -O0 -ffunction-sections -fdata-sections -Wall -fstack-usage -fcyclomatic-complexity -MMD -MP -MF"Core/Src/main.d" -MT"Core/Src/main.o" --specs=nano.specs -mfpu=fpv4-sp-d16 -mfloat-abi=hard -mthumb -o "Core/Src/main.o"
arm-none-eabi-gcc -o "task_1.elf" @"objects.list"   -mcpu=cortex-m4 -T"C:\Users\Jing Yuen\OneDrive\Desktop\2026 SEM 1\ECE 2071\project\processing_stm\task_1\STM32L432KCUX_FLASH.ld" --specs=nosys.specs -Wl,-Map="task_1.map" -Wl,--gc-sections -static --specs=nano.specs -mfpu=fpv4-sp-d16 -mfloat-abi=hard -mthumb -Wl,--start-group -lc -lm -Wl,--end-group
Finished building target: task_1.elf
 
arm-none-eabi-size  task_1.elf 
arm-none-eabi-objdump -h -S task_1.elf  > "task_1.list"
Finished building: task_1.list
 
   text	   data	    bss	    dec	    hex	filename
  19200	     12	   2412	  21624	   5478	task_1.elf
Finished building: default.size.stdout
 
22:26:42 **** Incremental Build of configuration Debug for project task_1 ****
make -j12 all 
arm-none-eabi-size  task_1.elf 
   text	   data	    bss	    dec	    hex	filename
  19200	     12	   2412	  21624	   5478	task_1.elf
Finished building: default.size.stdout
 
22:40:51 **** Incremental Build of configuration Debug for project task_1 ****
make -j12 all 
arm-none-eabi-gcc "../Core/Src/main.c" -mcpu=cortex-m4 -std=gnu11 -g3 -DDEBUG -DUSE_HAL_DRIVER -DSTM32L432xx -c -I../Core/Inc -I../Drivers/STM32L4xx_HAL_Driver/Inc -I../Drivers/STM32L4xx_HAL_Driver/Inc/Legacy -I../Drivers/CMSIS/Device/ST/STM32L4xx/Include -I../Drivers/CMSIS/Include -O0 -ffunction-sections -fdata-sections -Wall -fstack-usage -fcyclomatic-complexity -MMD -MP -MF"Core/Src/main.d" -MT"Core/Src/main.o" --specs=nano.specs -mfpu=fpv4-sp-d16 -mfloat-abi=hard -mthumb -o "Core/Src/main.o"
arm-none-eabi-gcc -o "task_1.elf" @"objects.list"   -mcpu=cortex-m4 -T"C:\Users\Jing Yuen\OneDrive\Desktop\2026 SEM 1\ECE 2071\project\processing_stm\task_1\STM32L432KCUX_FLASH.ld" --specs=nosys.specs -Wl,-Map="task_1.map" -Wl,--gc-sections -static --specs=nano.specs -mfpu=fpv4-sp-d16 -mfloat-abi=hard -mthumb -Wl,--start-group -lc -lm -Wl,--end-group
Finished building target: task_1.elf
 
arm-none-eabi-size  task_1.elf 
arm-none-eabi-objdump -h -S task_1.elf  > "task_1.list"
Finished building: task_1.list
 
   text	   data	    bss	    dec	    hex	filename
  19188	     12	   2412	  21612	   546c	task_1.elf
Finished building: default.size.stdout
 
22:40:56 **** Incremental Build of configuration Debug for project task_1 ****
make -j12 all 
arm-none-eabi-size  task_1.elf 
   text	   data	    bss	    dec	    hex	filename
  19188	     12	   2412	  21612	   546c	task_1.elf
Finished building: default.size.stdout
 
22:46:36 **** Incremental Build of configuration Debug for project task_1 ****
make -j12 all 
arm-none-eabi-gcc "../Core/Src/main.c" -mcpu=cortex-m4 -std=gnu11 -g3 -DDEBUG -DUSE_HAL_DRIVER -DSTM32L432xx -c -I../Core/Inc -I../Drivers/STM32L4xx_HAL_Driver/Inc -I../Drivers/STM32L4xx_HAL_Driver/Inc/Legacy -I../Drivers/CMSIS/Device/ST/STM32L4xx/Include -I../Drivers/CMSIS/Include -O0 -ffunction-sections -fdata-sections -Wall -fstack-usage -fcyclomatic-complexity -MMD -MP -MF"Core/Src/main.d" -MT"Core/Src/main.o" --specs=nano.specs -mfpu=fpv4-sp-d16 -mfloat-abi=hard -mthumb -o "Core/Src/main.o"
arm-none-eabi-gcc "../Core/Src/stm32l4xx_hal_msp.c" -mcpu=cortex-m4 -std=gnu11 -g3 -DDEBUG -DUSE_HAL_DRIVER -DSTM32L432xx -c -I../Core/Inc -I../Drivers/STM32L4xx_HAL_Driver/Inc -I../Drivers/STM32L4xx_HAL_Driver/Inc/Legacy -I../Drivers/CMSIS/Device/ST/STM32L4xx/Include -I../Drivers/CMSIS/Include -O0 -ffunction-sections -fdata-sections -Wall -fstack-usage -fcyclomatic-complexity -MMD -MP -MF"Core/Src/stm32l4xx_hal_msp.d" -MT"Core/Src/stm32l4xx_hal_msp.o" --specs=nano.specs -mfpu=fpv4-sp-d16 -mfloat-abi=hard -mthumb -o "Core/Src/stm32l4xx_hal_msp.o"
../Core/Src/main.c: In function 'main':
../Core/Src/main.c:228:13: error: invalid storage class for function 'MX_SPI1_Init'
  228 | static void MX_SPI1_Init(void)
      |             ^~~~~~~~~~~~
../Core/Src/main.c:267:13: error: invalid storage class for function 'MX_USART1_UART_Init'
  267 | static void MX_USART1_UART_Init(void)
      |             ^~~~~~~~~~~~~~~~~~~
../Core/Src/main.c:302:13: error: invalid storage class for function 'MX_USART2_UART_Init'
  302 | static void MX_USART2_UART_Init(void)
      |             ^~~~~~~~~~~~~~~~~~~
../Core/Src/main.c:335:13: error: invalid storage class for function 'MX_DMA_Init'
  335 | static void MX_DMA_Init(void)
      |             ^~~~~~~~~~~
../Core/Src/main.c:359:13: error: invalid storage class for function 'MX_GPIO_Init'
  359 | static void MX_GPIO_Init(void)
      |             ^~~~~~~~~~~~
../Core/Src/main.c:413:1: error: expected declaration or statement at end of input
  413 | }
      | ^
../Core/Src/main.c: At top level:
../Core/Src/main.c:62:13: warning: 'MX_GPIO_Init' used but never defined
   62 | static void MX_GPIO_Init(void);
      |             ^~~~~~~~~~~~
../Core/Src/main.c:63:13: warning: 'MX_DMA_Init' used but never defined
   63 | static void MX_DMA_Init(void);
      |             ^~~~~~~~~~~
../Core/Src/main.c:64:13: warning: 'MX_USART2_UART_Init' used but never defined
   64 | static void MX_USART2_UART_Init(void);
      |             ^~~~~~~~~~~~~~~~~~~
../Core/Src/main.c:65:13: warning: 'MX_USART1_UART_Init' used but never defined
   65 | static void MX_USART1_UART_Init(void);
      |             ^~~~~~~~~~~~~~~~~~~
../Core/Src/main.c:66:13: warning: 'MX_SPI1_Init' used but never defined
   66 | static void MX_SPI1_Init(void);
      |             ^~~~~~~~~~~~
../Core/Src/main.c:404:6: warning: 'Error_Handler' defined but not used [-Wunused-function]
  404 | void Error_Handler(void)
      |      ^~~~~~~~~~~~~
../Core/Src/main.c:359:13: warning: 'MX_GPIO_Init' defined but not used [-Wunused-function]
  359 | static void MX_GPIO_Init(void)
      |             ^~~~~~~~~~~~
../Core/Src/main.c:335:13: warning: 'MX_DMA_Init' defined but not used [-Wunused-function]
  335 | static void MX_DMA_Init(void)
      |             ^~~~~~~~~~~
../Core/Src/main.c:302:13: warning: 'MX_USART2_UART_Init' defined but not used [-Wunused-function]
  302 | static void MX_USART2_UART_Init(void)
      |             ^~~~~~~~~~~~~~~~~~~
../Core/Src/main.c:267:13: warning: 'MX_USART1_UART_Init' defined but not used [-Wunused-function]
  267 | static void MX_USART1_UART_Init(void)
      |             ^~~~~~~~~~~~~~~~~~~
../Core/Src/main.c:228:13: warning: 'MX_SPI1_Init' defined but not used [-Wunused-function]
  228 | static void MX_SPI1_Init(void)
      |             ^~~~~~~~~~~~
../Core/Src/main.c:167:6: warning: 'SystemClock_Config' defined but not used [-Wunused-function]
  167 | void SystemClock_Config(void)
      |      ^~~~~~~~~~~~~~~~~~
make: *** [Core/Src/subdir.mk:34: Core/Src/main.o] Error 1
make: *** Waiting for unfinished jobs....
"make -j12 all" terminated with exit code 2. Build might be incomplete.
22:48:05 **** Incremental Build of configuration Debug for project task_1 ****
make -j12 all 
arm-none-eabi-gcc "../Core/Src/main.c" -mcpu=cortex-m4 -std=gnu11 -g3 -DDEBUG -DUSE_HAL_DRIVER -DSTM32L432xx -c -I../Core/Inc -I../Drivers/STM32L4xx_HAL_Driver/Inc -I../Drivers/STM32L4xx_HAL_Driver/Inc/Legacy -I../Drivers/CMSIS/Device/ST/STM32L4xx/Include -I../Drivers/CMSIS/Include -O0 -ffunction-sections -fdata-sections -Wall -fstack-usage -fcyclomatic-complexity -MMD -MP -MF"Core/Src/main.d" -MT"Core/Src/main.o" --specs=nano.specs -mfpu=fpv4-sp-d16 -mfloat-abi=hard -mthumb -o "Core/Src/main.o"
arm-none-eabi-gcc -o "task_1.elf" @"objects.list"   -mcpu=cortex-m4 -T"C:\Users\Jing Yuen\OneDrive\Desktop\2026 SEM 1\ECE 2071\project\processing_stm\task_1\STM32L432KCUX_FLASH.ld" --specs=nosys.specs -Wl,-Map="task_1.map" -Wl,--gc-sections -static --specs=nano.specs -mfpu=fpv4-sp-d16 -mfloat-abi=hard -mthumb -Wl,--start-group -lc -lm -Wl,--end-group
Finished building target: task_1.elf
 
arm-none-eabi-size  task_1.elf 
arm-none-eabi-objdump -h -S task_1.elf  > "task_1.list"
Finished building: task_1.list
 
   text	   data	    bss	    dec	    hex	filename
  19200	     12	   2412	  21624	   5478	task_1.elf
Finished building: default.size.stdout
 
22:48:14 **** Incremental Build of configuration Debug for project task_1 ****
make -j12 all 
arm-none-eabi-size  task_1.elf 
   text	   data	    bss	    dec	    hex	filename
  19200	     12	   2412	  21624	   5478	task_1.elf
Finished building: default.size.stdout
 
22:51:34 **** Incremental Build of configuration Debug for project task_1 ****
make -j12 all 
arm-none-eabi-gcc "../Core/Src/main.c" -mcpu=cortex-m4 -std=gnu11 -g3 -DDEBUG -DUSE_HAL_DRIVER -DSTM32L432xx -c -I../Core/Inc -I../Drivers/STM32L4xx_HAL_Driver/Inc -I../Drivers/STM32L4xx_HAL_Driver/Inc/Legacy -I../Drivers/CMSIS/Device/ST/STM32L4xx/Include -I../Drivers/CMSIS/Include -O0 -ffunction-sections -fdata-sections -Wall -fstack-usage -fcyclomatic-complexity -MMD -MP -MF"Core/Src/main.d" -MT"Core/Src/main.o" --specs=nano.specs -mfpu=fpv4-sp-d16 -mfloat-abi=hard -mthumb -o "Core/Src/main.o"
arm-none-eabi-gcc "../Core/Src/stm32l4xx_hal_msp.c" -mcpu=cortex-m4 -std=gnu11 -g3 -DDEBUG -DUSE_HAL_DRIVER -DSTM32L432xx -c -I../Core/Inc -I../Drivers/STM32L4xx_HAL_Driver/Inc -I../Drivers/STM32L4xx_HAL_Driver/Inc/Legacy -I../Drivers/CMSIS/Device/ST/STM32L4xx/Include -I../Drivers/CMSIS/Include -O0 -ffunction-sections -fdata-sections -Wall -fstack-usage -fcyclomatic-complexity -MMD -MP -MF"Core/Src/stm32l4xx_hal_msp.d" -MT"Core/Src/stm32l4xx_hal_msp.o" --specs=nano.specs -mfpu=fpv4-sp-d16 -mfloat-abi=hard -mthumb -o "Core/Src/stm32l4xx_hal_msp.o"
arm-none-eabi-gcc "../Core/Src/stm32l4xx_it.c" -mcpu=cortex-m4 -std=gnu11 -g3 -DDEBUG -DUSE_HAL_DRIVER -DSTM32L432xx -c -I../Core/Inc -I../Drivers/STM32L4xx_HAL_Driver/Inc -I../Drivers/STM32L4xx_HAL_Driver/Inc/Legacy -I../Drivers/CMSIS/Device/ST/STM32L4xx/Include -I../Drivers/CMSIS/Include -O0 -ffunction-sections -fdata-sections -Wall -fstack-usage -fcyclomatic-complexity -MMD -MP -MF"Core/Src/stm32l4xx_it.d" -MT"Core/Src/stm32l4xx_it.o" --specs=nano.specs -mfpu=fpv4-sp-d16 -mfloat-abi=hard -mthumb -o "Core/Src/stm32l4xx_it.o"
arm-none-eabi-gcc -o "task_1.elf" @"objects.list"   -mcpu=cortex-m4 -T"C:\Users\Jing Yuen\OneDrive\Desktop\2026 SEM 1\ECE 2071\project\processing_stm\task_1\STM32L432KCUX_FLASH.ld" --specs=nosys.specs -Wl,-Map="task_1.map" -Wl,--gc-sections -static --specs=nano.specs -mfpu=fpv4-sp-d16 -mfloat-abi=hard -mthumb -Wl,--start-group -lc -lm -Wl,--end-group
Finished building target: task_1.elf
 
arm-none-eabi-size  task_1.elf 
arm-none-eabi-objdump -h -S task_1.elf  > "task_1.list"
Finished building: task_1.list
 
   text	   data	    bss	    dec	    hex	filename
  18948	     12	   2268	  21228	   52ec	task_1.elf
Finished building: default.size.stdout
 
22:51:39 **** Incremental Build of configuration Debug for project task_1 ****
make -j12 all 
arm-none-eabi-size  task_1.elf 
   text	   data	    bss	    dec	    hex	filename
  18948	     12	   2268	  21228	   52ec	task_1.elf
Finished building: default.size.stdout
 
22:55:12 **** Incremental Build of configuration Debug for project task_1 ****
make -j12 all 
arm-none-eabi-gcc "../Core/Src/main.c" -mcpu=cortex-m4 -std=gnu11 -g3 -DDEBUG -DUSE_HAL_DRIVER -DSTM32L432xx -c -I../Core/Inc -I../Drivers/STM32L4xx_HAL_Driver/Inc -I../Drivers/STM32L4xx_HAL_Driver/Inc/Legacy -I../Drivers/CMSIS/Device/ST/STM32L4xx/Include -I../Drivers/CMSIS/Include -O0 -ffunction-sections -fdata-sections -Wall -fstack-usage -fcyclomatic-complexity -MMD -MP -MF"Core/Src/main.d" -MT"Core/Src/main.o" --specs=nano.specs -mfpu=fpv4-sp-d16 -mfloat-abi=hard -mthumb -o "Core/Src/main.o"
arm-none-eabi-gcc -o "task_1.elf" @"objects.list"   -mcpu=cortex-m4 -T"C:\Users\Jing Yuen\OneDrive\Desktop\2026 SEM 1\ECE 2071\project\processing_stm\task_1\STM32L432KCUX_FLASH.ld" --specs=nosys.specs -Wl,-Map="task_1.map" -Wl,--gc-sections -static --specs=nano.specs -mfpu=fpv4-sp-d16 -mfloat-abi=hard -mthumb -Wl,--start-group -lc -lm -Wl,--end-group
Finished building target: task_1.elf
 
arm-none-eabi-size  task_1.elf 
arm-none-eabi-objdump -h -S task_1.elf  > "task_1.list"
Finished building: task_1.list
 
   text	   data	    bss	    dec	    hex	filename
  18944	     12	   2268	  21224	   52e8	task_1.elf
Finished building: default.size.stdout
 
22:55:16 **** Incremental Build of configuration Debug for project task_1 ****
make -j12 all 
arm-none-eabi-size  task_1.elf 
   text	   data	    bss	    dec	    hex	filename
  18944	     12	   2268	  21224	   52e8	task_1.elf
Finished building: default.size.stdout
 
22:57:28 **** Incremental Build of configuration Debug for project task_1 ****
make -j12 all 
arm-none-eabi-gcc "../Core/Src/stm32l4xx_it.c" -mcpu=cortex-m4 -std=gnu11 -g3 -DDEBUG -DUSE_HAL_DRIVER -DSTM32L432xx -c -I../Core/Inc -I../Drivers/STM32L4xx_HAL_Driver/Inc -I../Drivers/STM32L4xx_HAL_Driver/Inc/Legacy -I../Drivers/CMSIS/Device/ST/STM32L4xx/Include -I../Drivers/CMSIS/Include -O0 -ffunction-sections -fdata-sections -Wall -fstack-usage -fcyclomatic-complexity -MMD -MP -MF"Core/Src/stm32l4xx_it.d" -MT"Core/Src/stm32l4xx_it.o" --specs=nano.specs -mfpu=fpv4-sp-d16 -mfloat-abi=hard -mthumb -o "Core/Src/stm32l4xx_it.o"
arm-none-eabi-gcc -o "task_1.elf" @"objects.list"   -mcpu=cortex-m4 -T"C:\Users\Jing Yuen\OneDrive\Desktop\2026 SEM 1\ECE 2071\project\processing_stm\task_1\STM32L432KCUX_FLASH.ld" --specs=nosys.specs -Wl,-Map="task_1.map" -Wl,--gc-sections -static --specs=nano.specs -mfpu=fpv4-sp-d16 -mfloat-abi=hard -mthumb -Wl,--start-group -lc -lm -Wl,--end-group
Finished building target: task_1.elf
 
arm-none-eabi-size  task_1.elf 
arm-none-eabi-objdump -h -S task_1.elf  > "task_1.list"
Finished building: task_1.list
 
   text	   data	    bss	    dec	    hex	filename
  18952	     12	   2268	  21232	   52f0	task_1.elf
Finished building: default.size.stdout
 
22:57:33 **** Incremental Build of configuration Debug for project task_1 ****
make -j12 all 
arm-none-eabi-size  task_1.elf 
   text	   data	    bss	    dec	    hex	filename
  18952	     12	   2268	  21232	   52f0	task_1.elf
Finished building: default.size.stdout
 
22:57:51 **** Incremental Build of configuration Debug for project task_1 ****
make -j12 all 
arm-none-eabi-size  task_1.elf 
   text	   data	    bss	    dec	    hex	filename
  18952	     12	   2268	  21232	   52f0	task_1.elf
Finished building: default.size.stdout
 
22:58:57 **** Incremental Build of configuration Debug for project task_1 ****
make -j12 all 
arm-none-eabi-gcc "../Core/Src/main.c" -mcpu=cortex-m4 -std=gnu11 -g3 -DDEBUG -DUSE_HAL_DRIVER -DSTM32L432xx -c -I../Core/Inc -I../Drivers/STM32L4xx_HAL_Driver/Inc -I../Drivers/STM32L4xx_HAL_Driver/Inc/Legacy -I../Drivers/CMSIS/Device/ST/STM32L4xx/Include -I../Drivers/CMSIS/Include -O0 -ffunction-sections -fdata-sections -Wall -fstack-usage -fcyclomatic-complexity -MMD -MP -MF"Core/Src/main.d" -MT"Core/Src/main.o" --specs=nano.specs -mfpu=fpv4-sp-d16 -mfloat-abi=hard -mthumb -o "Core/Src/main.o"
arm-none-eabi-gcc -o "task_1.elf" @"objects.list"   -mcpu=cortex-m4 -T"C:\Users\Jing Yuen\OneDrive\Desktop\2026 SEM 1\ECE 2071\project\processing_stm\task_1\STM32L432KCUX_FLASH.ld" --specs=nosys.specs -Wl,-Map="task_1.map" -Wl,--gc-sections -static --specs=nano.specs -mfpu=fpv4-sp-d16 -mfloat-abi=hard -mthumb -Wl,--start-group -lc -lm -Wl,--end-group
Finished building target: task_1.elf
 
arm-none-eabi-size  task_1.elf 
arm-none-eabi-objdump -h -S task_1.elf  > "task_1.list"
Finished building: task_1.list
 
   text	   data	    bss	    dec	    hex	filename
  18968	     12	   2268	  21248	   5300	task_1.elf
Finished building: default.size.stdout
 
22:59:04 **** Incremental Build of configuration Debug for project task_1 ****
make -j12 all 
arm-none-eabi-size  task_1.elf 
   text	   data	    bss	    dec	    hex	filename
  18968	     12	   2268	  21248	   5300	task_1.elf
Finished building: default.size.stdout
 
23:00:38 **** Incremental Build of configuration Debug for project task_1 ****
make -j12 all 
arm-none-eabi-gcc "../Core/Src/main.c" -mcpu=cortex-m4 -std=gnu11 -g3 -DDEBUG -DUSE_HAL_DRIVER -DSTM32L432xx -c -I../Core/Inc -I../Drivers/STM32L4xx_HAL_Driver/Inc -I../Drivers/STM32L4xx_HAL_Driver/Inc/Legacy -I../Drivers/CMSIS/Device/ST/STM32L4xx/Include -I../Drivers/CMSIS/Include -O0 -ffunction-sections -fdata-sections -Wall -fstack-usage -fcyclomatic-complexity -MMD -MP -MF"Core/Src/main.d" -MT"Core/Src/main.o" --specs=nano.specs -mfpu=fpv4-sp-d16 -mfloat-abi=hard -mthumb -o "Core/Src/main.o"
arm-none-eabi-gcc "../Core/Src/stm32l4xx_hal_msp.c" -mcpu=cortex-m4 -std=gnu11 -g3 -DDEBUG -DUSE_HAL_DRIVER -DSTM32L432xx -c -I../Core/Inc -I../Drivers/STM32L4xx_HAL_Driver/Inc -I../Drivers/STM32L4xx_HAL_Driver/Inc/Legacy -I../Drivers/CMSIS/Device/ST/STM32L4xx/Include -I../Drivers/CMSIS/Include -O0 -ffunction-sections -fdata-sections -Wall -fstack-usage -fcyclomatic-complexity -MMD -MP -MF"Core/Src/stm32l4xx_hal_msp.d" -MT"Core/Src/stm32l4xx_hal_msp.o" --specs=nano.specs -mfpu=fpv4-sp-d16 -mfloat-abi=hard -mthumb -o "Core/Src/stm32l4xx_hal_msp.o"
arm-none-eabi-gcc -o "task_1.elf" @"objects.list"   -mcpu=cortex-m4 -T"C:\Users\Jing Yuen\OneDrive\Desktop\2026 SEM 1\ECE 2071\project\processing_stm\task_1\STM32L432KCUX_FLASH.ld" --specs=nosys.specs -Wl,-Map="task_1.map" -Wl,--gc-sections -static --specs=nano.specs -mfpu=fpv4-sp-d16 -mfloat-abi=hard -mthumb -Wl,--start-group -lc -lm -Wl,--end-group
Finished building target: task_1.elf
 
arm-none-eabi-size  task_1.elf 
arm-none-eabi-objdump -h -S task_1.elf  > "task_1.list"
Finished building: task_1.list
 
   text	   data	    bss	    dec	    hex	filename
  18972	     12	   2268	  21252	   5304	task_1.elf
Finished building: default.size.stdout
 
23:00:43 **** Incremental Build of configuration Debug for project task_1 ****
make -j12 all 
arm-none-eabi-size  task_1.elf 
   text	   data	    bss	    dec	    hex	filename
  18972	     12	   2268	  21252	   5304	task_1.elf
Finished building: default.size.stdout
 
23:01:07 **** Incremental Build of configuration Debug for project task_1 ****
make -j12 all 
arm-none-eabi-gcc "../Core/Src/main.c" -mcpu=cortex-m4 -std=gnu11 -g3 -DDEBUG -DUSE_HAL_DRIVER -DSTM32L432xx -c -I../Core/Inc -I../Drivers/STM32L4xx_HAL_Driver/Inc -I../Drivers/STM32L4xx_HAL_Driver/Inc/Legacy -I../Drivers/CMSIS/Device/ST/STM32L4xx/Include -I../Drivers/CMSIS/Include -O0 -ffunction-sections -fdata-sections -Wall -fstack-usage -fcyclomatic-complexity -MMD -MP -MF"Core/Src/main.d" -MT"Core/Src/main.o" --specs=nano.specs -mfpu=fpv4-sp-d16 -mfloat-abi=hard -mthumb -o "Core/Src/main.o"
arm-none-eabi-gcc -o "task_1.elf" @"objects.list"   -mcpu=cortex-m4 -T"C:\Users\Jing Yuen\OneDrive\Desktop\2026 SEM 1\ECE 2071\project\processing_stm\task_1\STM32L432KCUX_FLASH.ld" --specs=nosys.specs -Wl,-Map="task_1.map" -Wl,--gc-sections -static --specs=nano.specs -mfpu=fpv4-sp-d16 -mfloat-abi=hard -mthumb -Wl,--start-group -lc -lm -Wl,--end-group
Finished building target: task_1.elf
 
arm-none-eabi-size  task_1.elf 
arm-none-eabi-objdump -h -S task_1.elf  > "task_1.list"
Finished building: task_1.list
 
   text	   data	    bss	    dec	    hex	filename
  18952	     12	   2268	  21232	   52f0	task_1.elf
Finished building: default.size.stdout
 
23:01:11 **** Incremental Build of configuration Debug for project task_1 ****
make -j12 all 
arm-none-eabi-size  task_1.elf 
   text	   data	    bss	    dec	    hex	filename
  18952	     12	   2268	  21232	   52f0	task_1.elf
Finished building: default.size.stdout
 
23:07:05 **** Incremental Build of configuration Debug for project task_1 ****
make -j12 all 
arm-none-eabi-gcc "../Core/Src/main.c" -mcpu=cortex-m4 -std=gnu11 -g3 -DDEBUG -DUSE_HAL_DRIVER -DSTM32L432xx -c -I../Core/Inc -I../Drivers/STM32L4xx_HAL_Driver/Inc -I../Drivers/STM32L4xx_HAL_Driver/Inc/Legacy -I../Drivers/CMSIS/Device/ST/STM32L4xx/Include -I../Drivers/CMSIS/Include -O0 -ffunction-sections -fdata-sections -Wall -fstack-usage -fcyclomatic-complexity -MMD -MP -MF"Core/Src/main.d" -MT"Core/Src/main.o" --specs=nano.specs -mfpu=fpv4-sp-d16 -mfloat-abi=hard -mthumb -o "Core/Src/main.o"
arm-none-eabi-gcc "../Core/Src/stm32l4xx_hal_msp.c" -mcpu=cortex-m4 -std=gnu11 -g3 -DDEBUG -DUSE_HAL_DRIVER -DSTM32L432xx -c -I../Core/Inc -I../Drivers/STM32L4xx_HAL_Driver/Inc -I../Drivers/STM32L4xx_HAL_Driver/Inc/Legacy -I../Drivers/CMSIS/Device/ST/STM32L4xx/Include -I../Drivers/CMSIS/Include -O0 -ffunction-sections -fdata-sections -Wall -fstack-usage -fcyclomatic-complexity -MMD -MP -MF"Core/Src/stm32l4xx_hal_msp.d" -MT"Core/Src/stm32l4xx_hal_msp.o" --specs=nano.specs -mfpu=fpv4-sp-d16 -mfloat-abi=hard -mthumb -o "Core/Src/stm32l4xx_hal_msp.o"
arm-none-eabi-gcc -o "task_1.elf" @"objects.list"   -mcpu=cortex-m4 -T"C:\Users\Jing Yuen\OneDrive\Desktop\2026 SEM 1\ECE 2071\project\processing_stm\task_1\STM32L432KCUX_FLASH.ld" --specs=nosys.specs -Wl,-Map="task_1.map" -Wl,--gc-sections -static --specs=nano.specs -mfpu=fpv4-sp-d16 -mfloat-abi=hard -mthumb -Wl,--start-group -lc -lm -Wl,--end-group
Finished building target: task_1.elf
 
arm-none-eabi-size  task_1.elf 
arm-none-eabi-objdump -h -S task_1.elf  > "task_1.list"
Finished building: task_1.list
 
   text	   data	    bss	    dec	    hex	filename
  18960	     12	   2268	  21240	   52f8	task_1.elf
Finished building: default.size.stdout
 
23:07:10 **** Incremental Build of configuration Debug for project task_1 ****
make -j12 all 
arm-none-eabi-size  task_1.elf 
   text	   data	    bss	    dec	    hex	filename
  18960	     12	   2268	  21240	   52f8	task_1.elf
Finished building: default.size.stdout
 
23:52:27 **** Incremental Build of configuration Debug for project task_1 ****
make -j12 all 
arm-none-eabi-size  task_1.elf 
   text	   data	    bss	    dec	    hex	filename
  18960	     12	   2268	  21240	   52f8	task_1.elf
Finished building: default.size.stdout
 
23:52:33 **** Incremental Build of configuration Debug for project task_1 ****
make -j12 all 
arm-none-eabi-size  task_1.elf 
   text	   data	    bss	    dec	    hex	filename
  18960	     12	   2268	  21240	   52f8	task_1.elf
Finished building: default.size.stdout
 
00:06:09 **** Incremental Build of configuration Debug for project task_1 ****
make -j12 all 
arm-none-eabi-gcc "../Core/Src/main.c" -mcpu=cortex-m4 -std=gnu11 -g3 -DDEBUG -DUSE_HAL_DRIVER -DSTM32L432xx -c -I../Core/Inc -I../Drivers/STM32L4xx_HAL_Driver/Inc -I../Drivers/STM32L4xx_HAL_Driver/Inc/Legacy -I../Drivers/CMSIS/Device/ST/STM32L4xx/Include -I../Drivers/CMSIS/Include -O0 -ffunction-sections -fdata-sections -Wall -fstack-usage -fcyclomatic-complexity -MMD -MP -MF"Core/Src/main.d" -MT"Core/Src/main.o" --specs=nano.specs -mfpu=fpv4-sp-d16 -mfloat-abi=hard -mthumb -o "Core/Src/main.o"
arm-none-eabi-gcc -o "task_1.elf" @"objects.list"   -mcpu=cortex-m4 -T"C:\Users\Jing Yuen\OneDrive\Desktop\2026 SEM 1\ECE 2071\project\processing_stm\task_1\STM32L432KCUX_FLASH.ld" --specs=nosys.specs -Wl,-Map="task_1.map" -Wl,--gc-sections -static --specs=nano.specs -mfpu=fpv4-sp-d16 -mfloat-abi=hard -mthumb -Wl,--start-group -lc -lm -Wl,--end-group
Finished building target: task_1.elf
 
arm-none-eabi-size  task_1.elf 
arm-none-eabi-objdump -h -S task_1.elf  > "task_1.list"
Finished building: task_1.list
 
   text	   data	    bss	    dec	    hex	filename
  18476	     12	   2268	  20756	   5114	task_1.elf
Finished building: default.size.stdout
 
00:06:22 **** Incremental Build of configuration Debug for project task_1 ****
make -j12 all 
arm-none-eabi-size  task_1.elf 
   text	   data	    bss	    dec	    hex	filename
  18476	     12	   2268	  20756	   5114	task_1.elf
Finished building: default.size.stdout
 
00:11:23 **** Incremental Build of configuration Debug for project task_1 ****
make -j12 all 
arm-none-eabi-gcc "../Core/Src/main.c" -mcpu=cortex-m4 -std=gnu11 -g3 -DDEBUG -DUSE_HAL_DRIVER -DSTM32L432xx -c -I../Core/Inc -I../Drivers/STM32L4xx_HAL_Driver/Inc -I../Drivers/STM32L4xx_HAL_Driver/Inc/Legacy -I../Drivers/CMSIS/Device/ST/STM32L4xx/Include -I../Drivers/CMSIS/Include -O0 -ffunction-sections -fdata-sections -Wall -fstack-usage -fcyclomatic-complexity -MMD -MP -MF"Core/Src/main.d" -MT"Core/Src/main.o" --specs=nano.specs -mfpu=fpv4-sp-d16 -mfloat-abi=hard -mthumb -o "Core/Src/main.o"
[...]
Finished building target: task_1.elf
 
arm-none-eabi-size  task_1.elf 
arm-none-eabi-objdump -h -S task_1.elf  > "task_1.list"
Finished building: task_1.list
 
   text	   data	    bss	    dec	    hex	filename
  21612	     12	   2356	  23980	   5dac	task_1.elf
Finished building: default.size.stdout
 
15:12:44 **** Incremental Build of configuration Debug for project task_1 ****
make -j12 all 
arm-none-eabi-size  task_1.elf 
   text	   data	    bss	    dec	    hex	filename
  21612	     12	   2356	  23980	   5dac	task_1.elf
Finished building: default.size.stdout
 
15:19:58 **** Incremental Build of configuration Debug for project task_1 ****
make -j12 all 
arm-none-eabi-gcc "../Core/Src/main.c" -mcpu=cortex-m4 -std=gnu11 -g3 -DDEBUG -DUSE_HAL_DRIVER -DSTM32L432xx -c -I../Core/Inc -I../Drivers/STM32L4xx_HAL_Driver/Inc -I../Drivers/STM32L4xx_HAL_Driver/Inc/Legacy -I../Drivers/CMSIS/Device/ST/STM32L4xx/Include -I../Drivers/CMSIS/Include -O0 -ffunction-sections -fdata-sections -Wall -fstack-usage -fcyclomatic-complexity -MMD -MP -MF"Core/Src/main.d" -MT"Core/Src/main.o" --specs=nano.specs -mfpu=fpv4-sp-d16 -mfloat-abi=hard -mthumb -o "Core/Src/main.o"
../Core/Src/main.c: In function 'HAL_UART_RxCpltCallback':
../Core/Src/main.c:119:34: error: incompatible type for argument 1 of 'HAL_DMA_Abort_IT'
  119 |                 HAL_DMA_Abort_IT(hdma_usart2_tx);
      |                                  ^~~~~~~~~~~~~~
      |                                  |
      |                                  DMA_HandleTypeDef {aka struct __DMA_HandleTypeDef}
In file included from ../Core/Inc/stm32l4xx_hal_conf.h:266,
                 from ../Drivers/STM32L4xx_HAL_Driver/Inc/stm32l4xx_hal.h:29,
                 from ../Core/Inc/main.h:30,
                 from ../Core/Src/main.c:20:
../Drivers/STM32L4xx_HAL_Driver/Inc/stm32l4xx_hal_dma.h:660:55: note: expected 'DMA_HandleTypeDef *' {aka 'struct __DMA_HandleTypeDef *'} but argument is of type 'DMA_HandleTypeDef' {aka 'struct __DMA_HandleTypeDef'}
  660 | HAL_StatusTypeDef HAL_DMA_Abort_IT(DMA_HandleTypeDef *hdma);
      |                                    ~~~~~~~~~~~~~~~~~~~^~~~
make: *** [Core/Src/subdir.mk:34: Core/Src/main.o] Error 1
"make -j12 all" terminated with exit code 2. Build might be incomplete.
15:20:06 **** Incremental Build of configuration Debug for project task_1 ****
make -j12 all 
arm-none-eabi-gcc "../Core/Src/main.c" -mcpu=cortex-m4 -std=gnu11 -g3 -DDEBUG -DUSE_HAL_DRIVER -DSTM32L432xx -c -I../Core/Inc -I../Drivers/STM32L4xx_HAL_Driver/Inc -I../Drivers/STM32L4xx_HAL_Driver/Inc/Legacy -I../Drivers/CMSIS/Device/ST/STM32L4xx/Include -I../Drivers/CMSIS/Include -O0 -ffunction-sections -fdata-sections -Wall -fstack-usage -fcyclomatic-complexity -MMD -MP -MF"Core/Src/main.d" -MT"Core/Src/main.o" --specs=nano.specs -mfpu=fpv4-sp-d16 -mfloat-abi=hard -mthumb -o "Core/Src/main.o"
arm-none-eabi-gcc -o "task_1.elf" @"objects.list"   -mcpu=cortex-m4 -T"C:\Users\Jing Yuen\OneDrive\Desktop\2026 SEM 1\ECE 2071\project\processing_stm\task_1\STM32L432KCUX_FLASH.ld" --specs=nosys.specs -Wl,-Map="task_1.map" -Wl,--gc-sections -static --specs=nano.specs -mfpu=fpv4-sp-d16 -mfloat-abi=hard -mthumb -Wl,--start-group -lc -lm -Wl,--end-group
Finished building target: task_1.elf
 
arm-none-eabi-size  task_1.elf 
arm-none-eabi-objdump -h -S task_1.elf  > "task_1.list"
Finished building: task_1.list
 
   text	   data	    bss	    dec	    hex	filename
  21620	     12	   2356	  23988	   5db4	task_1.elf
Finished building: default.size.stdout
 
15:21:45 **** Incremental Build of configuration Debug for project task_1 ****
make -j12 all 
arm-none-eabi-gcc "../Core/Src/main.c" -mcpu=cortex-m4 -std=gnu11 -g3 -DDEBUG -DUSE_HAL_DRIVER -DSTM32L432xx -c -I../Core/Inc -I../Drivers/STM32L4xx_HAL_Driver/Inc -I../Drivers/STM32L4xx_HAL_Driver/Inc/Legacy -I../Drivers/CMSIS/Device/ST/STM32L4xx/Include -I../Drivers/CMSIS/Include -O0 -ffunction-sections -fdata-sections -Wall -fstack-usage -fcyclomatic-complexity -MMD -MP -MF"Core/Src/main.d" -MT"Core/Src/main.o" --specs=nano.specs -mfpu=fpv4-sp-d16 -mfloat-abi=hard -mthumb -o "Core/Src/main.o"
arm-none-eabi-gcc -o "task_1.elf" @"objects.list"   -mcpu=cortex-m4 -T"C:\Users\Jing Yuen\OneDrive\Desktop\2026 SEM 1\ECE 2071\project\processing_stm\task_1\STM32L432KCUX_FLASH.ld" --specs=nosys.specs -Wl,-Map="task_1.map" -Wl,--gc-sections -static --specs=nano.specs -mfpu=fpv4-sp-d16 -mfloat-abi=hard -mthumb -Wl,--start-group -lc -lm -Wl,--end-group
Finished building target: task_1.elf
 
arm-none-eabi-size  task_1.elf 
arm-none-eabi-objdump -h -S task_1.elf  > "task_1.list"
Finished building: task_1.list
 
   text	   data	    bss	    dec	    hex	filename
  21624	     12	   2356	  23992	   5db8	task_1.elf
Finished building: default.size.stdout
 
15:21:49 **** Incremental Build of configuration Debug for project task_1 ****
make -j12 all 
arm-none-eabi-size  task_1.elf 
   text	   data	    bss	    dec	    hex	filename
  21624	     12	   2356	  23992	   5db8	task_1.elf
Finished building: default.size.stdout
 
15:23:24 **** Incremental Build of configuration Debug for project task_1 ****
make -j12 all 
arm-none-eabi-gcc "../Core/Src/main.c" -mcpu=cortex-m4 -std=gnu11 -g3 -DDEBUG -DUSE_HAL_DRIVER -DSTM32L432xx -c -I../Core/Inc -I../Drivers/STM32L4xx_HAL_Driver/Inc -I../Drivers/STM32L4xx_HAL_Driver/Inc/Legacy -I../Drivers/CMSIS/Device/ST/STM32L4xx/Include -I../Drivers/CMSIS/Include -O0 -ffunction-sections -fdata-sections -Wall -fstack-usage -fcyclomatic-complexity -MMD -MP -MF"Core/Src/main.d" -MT"Core/Src/main.o" --specs=nano.specs -mfpu=fpv4-sp-d16 -mfloat-abi=hard -mthumb -o "Core/Src/main.o"
arm-none-eabi-gcc -o "task_1.elf" @"objects.list"   -mcpu=cortex-m4 -T"C:\Users\Jing Yuen\OneDrive\Desktop\2026 SEM 1\ECE 2071\project\processing_stm\task_1\STM32L432KCUX_FLASH.ld" --specs=nosys.specs -Wl,-Map="task_1.map" -Wl,--gc-sections -static --specs=nano.specs -mfpu=fpv4-sp-d16 -mfloat-abi=hard -mthumb -Wl,--start-group -lc -lm -Wl,--end-group
Finished building target: task_1.elf
 
arm-none-eabi-size  task_1.elf 
arm-none-eabi-objdump -h -S task_1.elf  > "task_1.list"
Finished building: task_1.list
 
   text	   data	    bss	    dec	    hex	filename
  21624	     12	   2356	  23992	   5db8	task_1.elf
Finished building: default.size.stdout
 
15:23:29 **** Incremental Build of configuration Debug for project task_1 ****
make -j12 all 
arm-none-eabi-size  task_1.elf 
   text	   data	    bss	    dec	    hex	filename
  21624	     12	   2356	  23992	   5db8	task_1.elf
Finished building: default.size.stdout
 
15:25:51 **** Incremental Build of configuration Debug for project task_1 ****
make -j12 all 
arm-none-eabi-gcc "../Core/Src/main.c" -mcpu=cortex-m4 -std=gnu11 -g3 -DDEBUG -DUSE_HAL_DRIVER -DSTM32L432xx -c -I../Core/Inc -I../Drivers/STM32L4xx_HAL_Driver/Inc -I../Drivers/STM32L4xx_HAL_Driver/Inc/Legacy -I../Drivers/CMSIS/Device/ST/STM32L4xx/Include -I../Drivers/CMSIS/Include -O0 -ffunction-sections -fdata-sections -Wall -fstack-usage -fcyclomatic-complexity -MMD -MP -MF"Core/Src/main.d" -MT"Core/Src/main.o" --specs=nano.specs -mfpu=fpv4-sp-d16 -mfloat-abi=hard -mthumb -o "Core/Src/main.o"
arm-none-eabi-gcc -o "task_1.elf" @"objects.list"   -mcpu=cortex-m4 -T"C:\Users\Jing Yuen\OneDrive\Desktop\2026 SEM 1\ECE 2071\project\processing_stm\task_1\STM32L432KCUX_FLASH.ld" --specs=nosys.specs -Wl,-Map="task_1.map" -Wl,--gc-sections -static --specs=nano.specs -mfpu=fpv4-sp-d16 -mfloat-abi=hard -mthumb -Wl,--start-group -lc -lm -Wl,--end-group
Finished building target: task_1.elf
 
arm-none-eabi-size  task_1.elf 
arm-none-eabi-objdump -h -S task_1.elf  > "task_1.list"
Finished building: task_1.list
 
   text	   data	    bss	    dec	    hex	filename
  21624	     12	   2356	  23992	   5db8	task_1.elf
Finished building: default.size.stdout
 
15:25:55 **** Incremental Build of configuration Debug for project task_1 ****
make -j12 all 
arm-none-eabi-size  task_1.elf 
   text	   data	    bss	    dec	    hex	filename
  21624	     12	   2356	  23992	   5db8	task_1.elf
Finished building: default.size.stdout
 
15:31:47 **** Incremental Build of configuration Debug for project task_1 ****
make -j12 all 
arm-none-eabi-gcc "../Core/Src/main.c" -mcpu=cortex-m4 -std=gnu11 -g3 -DDEBUG -DUSE_HAL_DRIVER -DSTM32L432xx -c -I../Core/Inc -I../Drivers/STM32L4xx_HAL_Driver/Inc -I../Drivers/STM32L4xx_HAL_Driver/Inc/Legacy -I../Drivers/CMSIS/Device/ST/STM32L4xx/Include -I../Drivers/CMSIS/Include -O0 -ffunction-sections -fdata-sections -Wall -fstack-usage -fcyclomatic-complexity -MMD -MP -MF"Core/Src/main.d" -MT"Core/Src/main.o" --specs=nano.specs -mfpu=fpv4-sp-d16 -mfloat-abi=hard -mthumb -o "Core/Src/main.o"
arm-none-eabi-gcc -o "task_1.elf" @"objects.list"   -mcpu=cortex-m4 -T"C:\Users\Jing Yuen\OneDrive\Desktop\2026 SEM 1\ECE 2071\project\processing_stm\task_1\STM32L432KCUX_FLASH.ld" --specs=nosys.specs -Wl,-Map="task_1.map" -Wl,--gc-sections -static --specs=nano.specs -mfpu=fpv4-sp-d16 -mfloat-abi=hard -mthumb -Wl,--start-group -lc -lm -Wl,--end-group
Finished building target: task_1.elf
 
arm-none-eabi-size  task_1.elf 
arm-none-eabi-objdump -h -S task_1.elf  > "task_1.list"
Finished building: task_1.list
 
   text	   data	    bss	    dec	    hex	filename
  21544	     12	   2356	  23912	   5d68	task_1.elf
Finished building: default.size.stdout
 
15:31:51 **** Incremental Build of configuration Debug for project task_1 ****
make -j12 all 
arm-none-eabi-size  task_1.elf 
   text	   data	    bss	    dec	    hex	filename
  21544	     12	   2356	  23912	   5d68	task_1.elf
Finished building: default.size.stdout
 
15:34:52 **** Incremental Build of configuration Debug for project task_1 ****
make -j12 all 
arm-none-eabi-gcc "../Core/Src/main.c" -mcpu=cortex-m4 -std=gnu11 -g3 -DDEBUG -DUSE_HAL_DRIVER -DSTM32L432xx -c -I../Core/Inc -I../Drivers/STM32L4xx_HAL_Driver/Inc -I../Drivers/STM32L4xx_HAL_Driver/Inc/Legacy -I../Drivers/CMSIS/Device/ST/STM32L4xx/Include -I../Drivers/CMSIS/Include -O0 -ffunction-sections -fdata-sections -Wall -fstack-usage -fcyclomatic-complexity -MMD -MP -MF"Core/Src/main.d" -MT"Core/Src/main.o" --specs=nano.specs -mfpu=fpv4-sp-d16 -mfloat-abi=hard -mthumb -o "Core/Src/main.o"
arm-none-eabi-gcc -o "task_1.elf" @"objects.list"   -mcpu=cortex-m4 -T"C:\Users\Jing Yuen\OneDrive\Desktop\2026 SEM 1\ECE 2071\project\processing_stm\task_1\STM32L432KCUX_FLASH.ld" --specs=nosys.specs -Wl,-Map="task_1.map" -Wl,--gc-sections -static --specs=nano.specs -mfpu=fpv4-sp-d16 -mfloat-abi=hard -mthumb -Wl,--start-group -lc -lm -Wl,--end-group
Finished building target: task_1.elf
 
arm-none-eabi-size  task_1.elf 
arm-none-eabi-objdump -h -S task_1.elf  > "task_1.list"
Finished building: task_1.list
 
   text	   data	    bss	    dec	    hex	filename
  21548	     12	   2356	  23916	   5d6c	task_1.elf
Finished building: default.size.stdout
 
15:34:55 **** Incremental Build of configuration Debug for project task_1 ****
make -j12 all 
arm-none-eabi-size  task_1.elf 
   text	   data	    bss	    dec	    hex	filename
  21548	     12	   2356	  23916	   5d6c	task_1.elf
Finished building: default.size.stdout
 
15:37:13 **** Incremental Build of configuration Debug for project task_1 ****
make -j12 all 
arm-none-eabi-gcc "../Core/Src/main.c" -mcpu=cortex-m4 -std=gnu11 -g3 -DDEBUG -DUSE_HAL_DRIVER -DSTM32L432xx -c -I../Core/Inc -I../Drivers/STM32L4xx_HAL_Driver/Inc -I../Drivers/STM32L4xx_HAL_Driver/Inc/Legacy -I../Drivers/CMSIS/Device/ST/STM32L4xx/Include -I../Drivers/CMSIS/Include -O0 -ffunction-sections -fdata-sections -Wall -fstack-usage -fcyclomatic-complexity -MMD -MP -MF"Core/Src/main.d" -MT"Core/Src/main.o" --specs=nano.specs -mfpu=fpv4-sp-d16 -mfloat-abi=hard -mthumb -o "Core/Src/main.o"
arm-none-eabi-gcc -o "task_1.elf" @"objects.list"   -mcpu=cortex-m4 -T"C:\Users\Jing Yuen\OneDrive\Desktop\2026 SEM 1\ECE 2071\project\processing_stm\task_1\STM32L432KCUX_FLASH.ld" --specs=nosys.specs -Wl,-Map="task_1.map" -Wl,--gc-sections -static --specs=nano.specs -mfpu=fpv4-sp-d16 -mfloat-abi=hard -mthumb -Wl,--start-group -lc -lm -Wl,--end-group
Finished building target: task_1.elf
 
arm-none-eabi-size  task_1.elf 
arm-none-eabi-objdump -h -S task_1.elf  > "task_1.list"
Finished building: task_1.list
 
   text	   data	    bss	    dec	    hex	filename
  21548	     12	   2356	  23916	   5d6c	task_1.elf
Finished building: default.size.stdout
 
15:37:18 **** Incremental Build of configuration Debug for project task_1 ****
make -j12 all 
arm-none-eabi-size  task_1.elf 
   text	   data	    bss	    dec	    hex	filename
  21548	     12	   2356	  23916	   5d6c	task_1.elf
Finished building: default.size.stdout
 
15:39:25 **** Incremental Build of configuration Debug for project task_1 ****
make -j12 all 
arm-none-eabi-size  task_1.elf 
   text	   data	    bss	    dec	    hex	filename
  21548	     12	   2356	  23916	   5d6c	task_1.elf
Finished building: default.size.stdout
 
15:39:29 **** Incremental Build of configuration Debug for project task_1 ****
make -j12 all 
arm-none-eabi-size  task_1.elf 
   text	   data	    bss	    dec	    hex	filename
  21548	     12	   2356	  23916	   5d6c	task_1.elf
Finished building: default.size.stdout
 
16:05:23 **** Incremental Build of configuration Debug for project task_1 ****
make -j12 all 
arm-none-eabi-gcc "../Core/Src/main.c" -mcpu=cortex-m4 -std=gnu11 -g3 -DDEBUG -DUSE_HAL_DRIVER -DSTM32L432xx -c -I../Core/Inc -I../Drivers/STM32L4xx_HAL_Driver/Inc -I../Drivers/STM32L4xx_HAL_Driver/Inc/Legacy -I../Drivers/CMSIS/Device/ST/STM32L4xx/Include -I../Drivers/CMSIS/Include -O0 -ffunction-sections -fdata-sections -Wall -fstack-usage -fcyclomatic-complexity -MMD -MP -MF"Core/Src/main.d" -MT"Core/Src/main.o" --specs=nano.specs -mfpu=fpv4-sp-d16 -mfloat-abi=hard -mthumb -o "Core/Src/main.o"
../Core/Src/main.c: In function 'HAL_UART_RxCpltCallback':
../Core/Src/main.c:153:70: error: expected ';' before '}' token
  153 |                         HAL_UART_Receive_IT(&huart2, &instruction, 1)  // rearm the interrupt to wait for user start input
      |                                                                      ^
      |                                                                      ;
  154 |         }
      |         ~                                                             
../Core/Src/main.c: In function 'main':
../Core/Src/main.c:213:17: warning: implicit declaration of function 'HAl_Delay'; did you mean 'HAL_Delay'? [-Wimplicit-function-declaration]
  213 |                 HAl_Delay(500);
      |                 ^~~~~~~~~
      |                 HAL_Delay
make: *** [Core/Src/subdir.mk:34: Core/Src/main.o] Error 1
"make -j12 all" terminated with exit code 2. Build might be incomplete.
16:05:46 **** Incremental Build of configuration Debug for project task_1 ****
make -j12 all 
arm-none-eabi-gcc "../Core/Src/main.c" -mcpu=cortex-m4 -std=gnu11 -g3 -DDEBUG -DUSE_HAL_DRIVER -DSTM32L432xx -c -I../Core/Inc -I../Drivers/STM32L4xx_HAL_Driver/Inc -I../Drivers/STM32L4xx_HAL_Driver/Inc/Legacy -I../Drivers/CMSIS/Device/ST/STM32L4xx/Include -I../Drivers/CMSIS/Include -O0 -ffunction-sections -fdata-sections -Wall -fstack-usage -fcyclomatic-complexity -MMD -MP -MF"Core/Src/main.d" -MT"Core/Src/main.o" --specs=nano.specs -mfpu=fpv4-sp-d16 -mfloat-abi=hard -mthumb -o "Core/Src/main.o"
arm-none-eabi-gcc -o "task_1.elf" @"objects.list"   -mcpu=cortex-m4 -T"C:\Users\Jing Yuen\OneDrive\Desktop\2026 SEM 1\ECE 2071\project\processing_stm\task_1\STM32L432KCUX_FLASH.ld" --specs=nosys.specs -Wl,-Map="task_1.map" -Wl,--gc-sections -static --specs=nano.specs -mfpu=fpv4-sp-d16 -mfloat-abi=hard -mthumb -Wl,--start-group -lc -lm -Wl,--end-group
Finished building target: task_1.elf
 
arm-none-eabi-size  task_1.elf 
arm-none-eabi-objdump -h -S task_1.elf  > "task_1.list"
Finished building: task_1.list
 
   text	   data	    bss	    dec	    hex	filename
  21816	     12	   2356	  24184	   5e78	task_1.elf
Finished building: default.size.stdout
 
16:16:06 **** Incremental Build of configuration Debug for project task_1 ****
make -j12 all 
arm-none-eabi-size  task_1.elf 
   text	   data	    bss	    dec	    hex	filename
  21816	     12	   2356	  24184	   5e78	task_1.elf
Finished building: default.size.stdout
 
16:16:10 **** Incremental Build of configuration Debug for project task_1 ****
make -j12 all 
arm-none-eabi-size  task_1.elf 
   text	   data	    bss	    dec	    hex	filename
  21816	     12	   2356	  24184	   5e78	task_1.elf
Finished building: default.size.stdout
 
16:24:20 **** Incremental Build of configuration Debug for project task_1 ****
make -j12 all 
arm-none-eabi-gcc "../Core/Src/main.c" -mcpu=cortex-m4 -std=gnu11 -g3 -DDEBUG -DUSE_HAL_DRIVER -DSTM32L432xx -c -I../Core/Inc -I../Drivers/STM32L4xx_HAL_Driver/Inc -I../Drivers/STM32L4xx_HAL_Driver/Inc/Legacy -I../Drivers/CMSIS/Device/ST/STM32L4xx/Include -I../Drivers/CMSIS/Include -O0 -ffunction-sections -fdata-sections -Wall -fstack-usage -fcyclomatic-complexity -MMD -MP -MF"Core/Src/main.d" -MT"Core/Src/main.o" --specs=nano.specs -mfpu=fpv4-sp-d16 -mfloat-abi=hard -mthumb -o "Core/Src/main.o"
arm-none-eabi-gcc -o "task_1.elf" @"objects.list"   -mcpu=cortex-m4 -T"C:\Users\Jing Yuen\OneDrive\Desktop\2026 SEM 1\ECE 2071\project\processing_stm\task_1\STM32L432KCUX_FLASH.ld" --specs=nosys.specs -Wl,-Map="task_1.map" -Wl,--gc-sections -static --specs=nano.specs -mfpu=fpv4-sp-d16 -mfloat-abi=hard -mthumb -Wl,--start-group -lc -lm -Wl,--end-group
Finished building target: task_1.elf
 
arm-none-eabi-size  task_1.elf 
arm-none-eabi-objdump -h -S task_1.elf  > "task_1.list"
Finished building: task_1.list
 
   text	   data	    bss	    dec	    hex	filename
  21840	     12	   2356	  24208	   5e90	task_1.elf
Finished building: default.size.stdout
 
16:24:24 **** Incremental Build of configuration Debug for project task_1 ****
make -j12 all 
arm-none-eabi-size  task_1.elf 
   text	   data	    bss	    dec	    hex	filename
  21840	     12	   2356	  24208	   5e90	task_1.elf
Finished building: default.size.stdout
 
16:32:02 **** Incremental Build of configuration Debug for project task_1 ****
make -j12 all 
arm-none-eabi-size  task_1.elf 
   text	   data	    bss	    dec	    hex	filename
  21840	     12	   2356	  24208	   5e90	task_1.elf
Finished building: default.size.stdout
 
16:35:39 **** Incremental Build of configuration Debug for project task_1 ****
make -j12 all 
arm-none-eabi-gcc "../Core/Src/main.c" -mcpu=cortex-m4 -std=gnu11 -g3 -DDEBUG -DUSE_HAL_DRIVER -DSTM32L432xx -c -I../Core/Inc -I../Drivers/STM32L4xx_HAL_Driver/Inc -I../Drivers/STM32L4xx_HAL_Driver/Inc/Legacy -I../Drivers/CMSIS/Device/ST/STM32L4xx/Include -I../Drivers/CMSIS/Include -O0 -ffunction-sections -fdata-sections -Wall -fstack-usage -fcyclomatic-complexity -MMD -MP -MF"Core/Src/main.d" -MT"Core/Src/main.o" --specs=nano.specs -mfpu=fpv4-sp-d16 -mfloat-abi=hard -mthumb -o "Core/Src/main.o"
arm-none-eabi-gcc -o "task_1.elf" @"objects.list"   -mcpu=cortex-m4 -T"C:\Users\Jing Yuen\OneDrive\Desktop\2026 SEM 1\ECE 2071\project\processing_stm\task_1\STM32L432KCUX_FLASH.ld" --specs=nosys.specs -Wl,-Map="task_1.map" -Wl,--gc-sections -static --specs=nano.specs -mfpu=fpv4-sp-d16 -mfloat-abi=hard -mthumb -Wl,--start-group -lc -lm -Wl,--end-group
Finished building target: task_1.elf
 
arm-none-eabi-size  task_1.elf 
arm-none-eabi-objdump -h -S task_1.elf  > "task_1.list"
Finished building: task_1.list
 
   text	   data	    bss	    dec	    hex	filename
  21840	     12	   2356	  24208	   5e90	task_1.elf
Finished building: default.size.stdout
 
16:35:43 **** Incremental Build of configuration Debug for project task_1 ****
make -j12 all 
arm-none-eabi-size  task_1.elf 
   text	   data	    bss	    dec	    hex	filename
  21840	     12	   2356	  24208	   5e90	task_1.elf
Finished building: default.size.stdout
 
