20:59:08 **** Incremental Build of configuration Debug for project task_1 ****
make -j12 all 
arm-none-eabi-gcc "../Core/Src/main.c" -mcpu=cortex-m4 -std=gnu11 -g3 -DDEBUG -DUSE_HAL_DRIVER -DSTM32L432xx -c -I../Core/Inc -I../Drivers/STM32L4xx_HAL_Driver/Inc -I../Drivers/STM32L4xx_HAL_Driver/Inc/Legacy -I../Drivers/CMSIS/Device/ST/STM32L4xx/Include -I../Drivers/CMSIS/Include -O0 -ffunction-sections -fdata-sections -Wall -fstack-usage -fcyclomatic-complexity -MMD -MP -MF"Core/Src/main.d" -MT"Core/Src/main.o" --specs=nano.specs -mfpu=fpv4-sp-d16 -mfloat-abi=hard -mthumb -o "Core/Src/main.o"
arm-none-eabi-gcc -o "task_1.elf" @"objects.list"   -mcpu=cortex-m4 -T"C:\Users\Jing Yuen\OneDrive\Desktop\2026 SEM 1\ECE 2071\project\processing_stm\task_1\STM32L432KCUX_FLASH.ld" --specs=nosys.specs -Wl,-Map="task_1.map" -Wl,--gc-sections -static --specs=nano.specs -mfpu=fpv4-sp-d16 -mfloat-abi=hard -mthumb -Wl,--start-group -lc -lm -Wl,--end-group
Finished building target: task_1.elf
 
arm-none-eabi-size  task_1.elf 
arm-none-eabi-objdump -h -S task_1.elf  > "task_1.list"
Finished building: task_1.list
 
   text	   data	    bss	    dec	    hex	filename
  22412	     12	   2356	  24780	   60cc	task_1.elf
Finished building: default.size.stdout
 

20:59:10 Build Finished. 0 errors, 0 warnings. (took 2s.574ms)

