../Drivers/CMSIS/Include/core_cm4.h:1667:26:__NVIC_GetPriorityGrouping	1
../Drivers/CMSIS/Include/core_cm4.h:1679:22:__NVIC_EnableIRQ	2
../Drivers/CMSIS/Include/core_cm4.h:1809:22:__NVIC_SetPriority	2
../Drivers/CMSIS/Include/core_cm4.h:1856:26:NVIC_EncodePriority	2
../Drivers/STM32L4xx_HAL_Driver/Inc/stm32l4xx_ll_dma.h:596:22:LL_DMA_SetDataTransferDirection	1
../Drivers/STM32L4xx_HAL_Driver/Inc/stm32l4xx_ll_dma.h:647:22:LL_DMA_SetMode	1
../Drivers/STM32L4xx_HAL_Driver/Inc/stm32l4xx_ll_dma.h:694:22:LL_DMA_SetPeriphIncMode	1
../Drivers/STM32L4xx_HAL_Driver/Inc/stm32l4xx_ll_dma.h:741:22:LL_DMA_SetMemoryIncMode	1
../Drivers/STM32L4xx_HAL_Driver/Inc/stm32l4xx_ll_dma.h:789:22:LL_DMA_SetPeriphSize	1
../Drivers/STM32L4xx_HAL_Driver/Inc/stm32l4xx_ll_dma.h:838:22:LL_DMA_SetMemorySize	1
../Drivers/STM32L4xx_HAL_Driver/Inc/stm32l4xx_ll_dma.h:888:22:LL_DMA_SetChannelPriorityLevel	1
../Drivers/STM32L4xx_HAL_Driver/Inc/stm32l4xx_ll_dma.h:1453:22:LL_DMA_SetPeriphRequest	2
../Drivers/STM32L4xx_HAL_Driver/Inc/stm32l4xx_ll_spi.h:371:22:LL_SPI_Enable	1
../Drivers/STM32L4xx_HAL_Driver/Inc/stm32l4xx_ll_spi.h:439:22:LL_SPI_SetStandard	1
../Drivers/STM32L4xx_HAL_Driver/Inc/stm32l4xx_ll_spi.h:875:22:LL_SPI_EnableNSSPulseMgt	1
../Drivers/STM32L4xx_HAL_Driver/Inc/stm32l4xx_ll_spi.h:929:26:LL_SPI_IsActiveFlag_TXE	2
../Drivers/STM32L4xx_HAL_Driver/Inc/stm32l4xx_ll_spi.h:980:26:LL_SPI_IsActiveFlag_BSY	2
../Drivers/STM32L4xx_HAL_Driver/Inc/stm32l4xx_ll_spi.h:1061:22:LL_SPI_ClearFlag_OVR	1
../Drivers/STM32L4xx_HAL_Driver/Inc/stm32l4xx_ll_spi.h:1388:22:LL_SPI_TransmitData16	1
../Drivers/STM32L4xx_HAL_Driver/Inc/stm32l4xx_ll_bus.h:563:22:LL_AHB2_GRP1_EnableClock	1
../Drivers/STM32L4xx_HAL_Driver/Inc/stm32l4xx_ll_bus.h:1673:22:LL_APB2_GRP1_EnableClock	1
../Core/Src/main.c:85:13:SPI1_WriteByte	3
../Core/Src/main.c:111:6:HAL_ADC_ConvCpltCallback	1
../Core/Src/main.c:117:6:HAL_TIM_PeriodElapsedCallback	7
../Core/Src/main.c:141:6:HAL_GPIO_EXTI_Callback	11
../Core/Src/main.c:172:6:HAL_UART_RxCpltCallback	9
../Core/Src/main.c:223:5:main	7
../Core/Src/main.c:305:6:SystemClock_Config	4
../Core/Src/main.c:366:13:MX_ADC1_Init	3
../Core/Src/main.c:424:13:MX_SPI1_Init	1
../Core/Src/main.c:503:13:MX_TIM1_Init	4
../Core/Src/main.c:550:13:MX_TIM2_Init	4
../Core/Src/main.c:595:13:MX_TIM16_Init	2
../Core/Src/main.c:627:13:MX_USART1_UART_Init	2
../Core/Src/main.c:662:13:MX_USART2_UART_Init	2
../Core/Src/main.c:695:13:MX_DMA_Init	1
../Core/Src/main.c:713:13:MX_GPIO_Init	1
../Core/Src/main.c:768:6:Error_Handler	1
